<html>
<body>
<pre>
<h1>µVision Build Log</h1>
<h2>Tool Versions:</h2>
IDE-Version: ¶ÃVision V5.36.0.0
Copyright (C) 2021 ARM Ltd and ARM Germany GmbH. All rights reserved.
License Information: dell dell, dell, LIC=X96CK-ZZEF5-56AQ2-9NYUE-RM73T-GM93G
 
Tool Versions:
Toolchain:       MDK-ARM Plus  Version: 5.36.0.0
Toolchain Path:  C:\Keil_v5\ARM\ARMCC\Bin
C Compiler:      Armcc.exe V5.06 update 7 (build 960)
Assembler:       Armasm.exe V5.06 update 7 (build 960)
Linker/Locator:  ArmLink.exe V5.06 update 7 (build 960)
Library Manager: ArmAr.exe V5.06 update 7 (build 960)
Hex Converter:   FromElf.exe V5.06 update 7 (build 960)
CPU DLL:         SARMCM3.DLL V5.36.0.0
Dialog DLL:      DCM.DLL V1.17.3.0
Target DLL:      Segger\JL2CM3.dll V2.99.40.0
Dialog DLL:      TCM.DLL V1.53.0.0
 
<h2>Project:</h2>
E:\02_HD\¥Ãº§Œ±º£\SAS_Embedded\Project.uvprojx
Project File Date:  07/31/2023

<h2>Output:</h2>
*** Using Compiler 'V5.06 update 7 (build 960)', folder: 'C:\Keil_v5\ARM\ARMCC\Bin'
Build target 'STM32F427_437XX'
compiling main.c...
.\User\AD9834\AD9834.h(88): warning:  #1295-D: Deprecated declaration Init_AD9834 - give arg types
  extern void Init_AD9834() ;// ≥ı ºªØ≈‰÷√
User\main.c: 1 warning, 0 errors
compiling thread_m.c...
.\User\AD9834\AD9834.h(88): warning:  #1295-D: Deprecated declaration Init_AD9834 - give arg types
  extern void Init_AD9834() ;// ≥ı ºªØ≈‰÷√
User\thread_m.c: 1 warning, 0 errors
linking...
Program Size: Code=18666 RO-data=1614 RW-data=212 ZI-data=10044  
FromELF: creating hex file...
".\Output\STM32F4_DEMO.axf" - 0 Error(s), 2 Warning(s).

<h2>Software Packages used:</h2>

Package Vendor: Keil
                http://www.keil.com/pack/Keil.STM32F4xx_DFP.2.16.0.pack
                Keil.STM32F4xx_DFP.2.16.0
                STMicroelectronics STM32F4 Series Device Support, Drivers and Examples

<h2>Collection of Component include folders:</h2>
  C:\Keil_v5\Packs\Keil\STM32F4xx_DFP\2.16.0\Drivers\CMSIS\Device\ST\STM32F4xx\Include

<h2>Collection of Component Files used:</h2>
Build Time Elapsed:  00:00:01
</pre>
</body>
</html>
