Component: ARM Compiler 5.06 update 7 (build 960) Tool: armlink [4d3601]

==============================================================================

Section Cross References

    main.o(i.main) refers to bsp_gpio.o(i.GPIO_Configuration) for GPIO_Configuration
    main.o(i.main) refers to thread.o(i.rt_thread_mdelay) for rt_thread_mdelay
    main.o(i.main) refers to printfa.o(i.__0printf) for __2printf
    main.o(i.main) refers to thread_m.o(i.thread_init) for thread_init
    thread_m.o(i.led_thread_entry) refers to thread.o(i.rt_thread_mdelay) for rt_thread_mdelay
    thread_m.o(i.led_thread_entry) refers to bsp_gpio.o(i.LED_ON) for LED_ON
    thread_m.o(i.led_thread_entry) refers to bsp_gpio.o(i.LED_OFF) for LED_OFF
    thread_m.o(i.thread_init) refers to thread.o(i.rt_thread_init) for rt_thread_init
    thread_m.o(i.thread_init) refers to thread.o(i.rt_thread_startup) for rt_thread_startup
    thread_m.o(i.thread_init) refers to thread_m.o(.bss) for led_thread_stack
    thread_m.o(i.thread_init) refers to thread_m.o(i.led_thread_entry) for led_thread_entry
    adt7301.o(i.Temp_Read) refers to bsp_spi.o(i.SPI2_CS_Select) for SPI2_CS_Select
    adt7301.o(i.Temp_Read) refers to bsp_spi.o(i.SPI2_ReadWriteByte) for SPI2_ReadWriteByte
    adt7301.o(i.Temp_Read) refers to dfltui.o(.text) for __aeabi_ui2d
    adt7301.o(i.Temp_Read) refers to dmul.o(.text) for __aeabi_dmul
    adt7301.o(i.Temp_Read) refers to d2f.o(.text) for __aeabi_d2f
    adt7301.o(i.Temp_Read) refers to f2d.o(.text) for __aeabi_f2d
    adt7301.o(i.Temp_Read) refers to printfa.o(i.__0printf) for __2printf
    adt7301.o(i.get_temp) refers to adt7301.o(i.Temp_Read) for Temp_Read
    ad9834.o(i.AD9834_Select_Wave) refers to stm32f4xx_gpio.o(i.GPIO_SetBits) for GPIO_SetBits
    ad9834.o(i.AD9834_Select_Wave) refers to stm32f4xx_gpio.o(i.GPIO_ResetBits) for GPIO_ResetBits
    ad9834.o(i.AD9834_Select_Wave) refers to ad9834.o(i.AD9834_Write_16Bits) for AD9834_Write_16Bits
    ad9834.o(i.AD9834_Set_Freq) refers to dfltui.o(.text) for __aeabi_ui2d
    ad9834.o(i.AD9834_Set_Freq) refers to dmul.o(.text) for __aeabi_dmul
    ad9834.o(i.AD9834_Set_Freq) refers to dfixui.o(.text) for __aeabi_d2uiz
    ad9834.o(i.AD9834_Set_Freq) refers to ad9834.o(i.AD9834_Write_16Bits) for AD9834_Write_16Bits
    ad9834.o(i.AD9834_Write_16Bits) refers to stm32f4xx_gpio.o(i.GPIO_SetBits) for GPIO_SetBits
    ad9834.o(i.AD9834_Write_16Bits) refers to stm32f4xx_gpio.o(i.GPIO_ResetBits) for GPIO_ResetBits
    ad9834.o(i.Init_AD9834) refers to stm32f4xx_gpio.o(i.GPIO_Init) for GPIO_Init
    bsp_gpio.o(i.GPIO_Configuration) refers to stm32f4xx_rcc.o(i.RCC_AHB1PeriphClockCmd) for RCC_AHB1PeriphClockCmd
    bsp_gpio.o(i.GPIO_Configuration) refers to stm32f4xx_gpio.o(i.GPIO_Init) for GPIO_Init
    bsp_gpio.o(i.GPIO_Configuration) refers to bsp_gpio.o(i.LED_OFF) for LED_OFF
    bsp_uart.o(i.UART7_Configuration) refers to misc.o(i.NVIC_Init) for NVIC_Init
    bsp_uart.o(i.UART7_Configuration) refers to stm32f4xx_rcc.o(i.RCC_AHB1PeriphClockCmd) for RCC_AHB1PeriphClockCmd
    bsp_uart.o(i.UART7_Configuration) refers to stm32f4xx_rcc.o(i.RCC_APB1PeriphClockCmd) for RCC_APB1PeriphClockCmd
    bsp_uart.o(i.UART7_Configuration) refers to stm32f4xx_gpio.o(i.GPIO_PinAFConfig) for GPIO_PinAFConfig
    bsp_uart.o(i.UART7_Configuration) refers to stm32f4xx_gpio.o(i.GPIO_Init) for GPIO_Init
    bsp_uart.o(i.UART7_Configuration) refers to stm32f4xx_usart.o(i.USART_Init) for USART_Init
    bsp_uart.o(i.UART7_Configuration) refers to stm32f4xx_usart.o(i.USART_ClearFlag) for USART_ClearFlag
    bsp_uart.o(i.UART7_Configuration) refers to stm32f4xx_usart.o(i.USART_ITConfig) for USART_ITConfig
    bsp_uart.o(i.UART7_Configuration) refers to stm32f4xx_usart.o(i.USART_Cmd) for USART_Cmd
    bsp_uart.o(i.USART1_ClearBuf_Flag) refers to bsp_uart.o(.bss) for uart1_rbuf
    bsp_uart.o(i.USART1_ClearBuf_Flag) refers to bsp_uart.o(.data) for Uart1Flag
    bsp_uart.o(i.USART1_GetChar) refers to bsp_uart.o(i.USART1_GetCharBlock) for USART1_GetCharBlock
    bsp_uart.o(i.USART1_GetChar) refers to bsp_uart.o(.bss) for uart1_rbuf
    bsp_uart.o(i.USART1_GetCharBlock) refers to bsp_uart.o(.bss) for uart1_rbuf
    bsp_uart.o(i.USART2_ClearBuf_Flag) refers to bsp_uart.o(.bss) for uart2_rbuf
    bsp_uart.o(i.USART2_ClearBuf_Flag) refers to bsp_uart.o(.data) for Uart2Flag
    bsp_uart.o(i.USART2_GetChar) refers to bsp_uart.o(i.USART2_GetCharBlock) for USART2_GetCharBlock
    bsp_uart.o(i.USART2_GetChar) refers to bsp_uart.o(.bss) for uart2_rbuf
    bsp_uart.o(i.USART2_GetCharBlock) refers to bsp_uart.o(.bss) for uart2_rbuf
    bsp_uart.o(i.USART3_ClearBuf_Flag) refers to bsp_uart.o(.bss) for uart3_rbuf
    bsp_uart.o(i.USART3_ClearBuf_Flag) refers to bsp_uart.o(.data) for Uart3Flag
    bsp_uart.o(i.USART3_GetChar) refers to bsp_uart.o(i.USART3_GetCharBlock) for USART3_GetCharBlock
    bsp_uart.o(i.USART3_GetChar) refers to bsp_uart.o(.bss) for uart3_rbuf
[...]
    mem_manage_fault_track                   0x08002aad   Thumb Code   114  cpuport.o(i.mem_manage_fault_track)
    i.msh_auto_complete                      0x08002b94   Section        0  msh.o(i.msh_auto_complete)
    i.msh_exec                               0x08002c34   Section        0  msh.o(i.msh_exec)
    i.msh_get_cmd                            0x08002ca0   Section        0  msh.o(i.msh_get_cmd)
    msh_get_cmd                              0x08002ca1   Thumb Code    76  msh.o(i.msh_get_cmd)
    i.msh_help                               0x08002cfc   Section        0  msh.o(i.msh_help)
    i.msh_is_used                            0x08002d7c   Section        0  msh.o(i.msh_is_used)
    i.msh_split                              0x08002d80   Section        0  msh.o(i.msh_split)
    msh_split                                0x08002d81   Thumb Code   202  msh.o(i.msh_split)
    i.object_split                           0x08002e70   Section        0  cmd.o(i.object_split)
    object_split                             0x08002e71   Thumb Code    22  cmd.o(i.object_split)
    i.plug_holes                             0x08002e8c   Section        0  mem.o(i.plug_holes)
    plug_holes                               0x08002e8d   Thumb Code   108  mem.o(i.plug_holes)
    i.print_number                           0x08002f04   Section        0  kservice.o(i.print_number)
    print_number                             0x08002f05   Thumb Code   400  kservice.o(i.print_number)
    i.rt_application_init                    0x0800309c   Section        0  components.o(i.rt_application_init)
    i.rt_calloc                              0x080030cc   Section        0  mem.o(i.rt_calloc)
    i.rt_components_board_init               0x080030f0   Section        0  components.o(i.rt_components_board_init)
    i.rt_components_init                     0x0800310c   Section        0  components.o(i.rt_components_init)
    i.rt_enter_critical                      0x08003128   Section        0  scheduler.o(i.rt_enter_critical)
    i.rt_exit_critical                       0x08003148   Section        0  scheduler.o(i.rt_exit_critical)
    i.rt_free                                0x0800318c   Section        0  mem.o(i.rt_free)
    i.rt_heap_begin_get                      0x0800326c   Section        0  board.o(i.rt_heap_begin_get)
    i.rt_heap_end_get                        0x08003274   Section        0  board.o(i.rt_heap_end_get)
    i.rt_hw_board_init                       0x0800327c   Section        0  board.o(i.rt_hw_board_init)
    i.rt_hw_console_getchar                  0x080032b4   Section        0  finsh_port.o(i.rt_hw_console_getchar)
    i.rt_hw_console_output                   0x080032f0   Section        0  board.o(i.rt_hw_console_output)
    i.rt_hw_hard_fault_exception             0x08003328   Section        0  cpuport.o(i.rt_hw_hard_fault_exception)
    i.rt_hw_stack_init                       0x08003554   Section        0  cpuport.o(i.rt_hw_stack_init)
    i.rt_interrupt_enter                     0x080035a4   Section        0  irq.o(i.rt_interrupt_enter)
    i.rt_interrupt_leave                     0x080035c4   Section        0  irq.o(i.rt_interrupt_leave)
    i.rt_ipc_list_resume                     0x080035e4   Section        0  ipc.o(i.rt_ipc_list_resume)
    rt_ipc_list_resume                       0x080035e5   Thumb Code    20  ipc.o(i.rt_ipc_list_resume)
    i.rt_ipc_list_suspend                    0x080035f8   Section        0  ipc.o(i.rt_ipc_list_suspend)
    rt_ipc_list_suspend                      0x080035f9   Thumb Code   110  ipc.o(i.rt_ipc_list_suspend)
    i.rt_ipc_object_init                     0x08003666   Section        0  ipc.o(i.rt_ipc_object_init)
    rt_ipc_object_init                       0x08003667   Thumb Code    16  ipc.o(i.rt_ipc_object_init)
    i.rt_kprintf                             0x08003678   Section        0  kservice.o(i.rt_kprintf)
    i.rt_list_init                           0x080036a8   Section        0  ipc.o(i.rt_list_init)
    rt_list_init                             0x080036a9   Thumb Code     6  ipc.o(i.rt_list_init)
    i.rt_list_init                           0x080036ae   Section        0  scheduler.o(i.rt_list_init)
    rt_list_init                             0x080036af   Thumb Code     6  scheduler.o(i.rt_list_init)
    i.rt_list_init                           0x080036b4   Section        0  timer.o(i.rt_list_init)
    rt_list_init                             0x080036b5   Thumb Code     6  timer.o(i.rt_list_init)
    i.rt_list_insert_after                   0x080036ba   Section        0  object.o(i.rt_list_insert_after)
    rt_list_insert_after                     0x080036bb   Thumb Code    14  object.o(i.rt_list_insert_after)
    i.rt_list_insert_after                   0x080036c8   Section        0  thread.o(i.rt_list_insert_after)
    rt_list_insert_after                     0x080036c9   Thumb Code    14  thread.o(i.rt_list_insert_after)
    i.rt_list_insert_after                   0x080036d6   Section        0  timer.o(i.rt_list_insert_after)
    rt_list_insert_after                     0x080036d7   Thumb Code    14  timer.o(i.rt_list_insert_after)
    i.rt_list_insert_before                  0x080036e4   Section        0  ipc.o(i.rt_list_insert_before)
    rt_list_insert_before                    0x080036e5   Thumb Code    14  ipc.o(i.rt_list_insert_before)
    i.rt_list_isempty                        0x080036f2   Section        0  ipc.o(i.rt_list_isempty)
    rt_list_isempty                          0x080036f3   Thumb Code    16  ipc.o(i.rt_list_isempty)
    i.rt_list_isempty                        0x08003702   Section        0  timer.o(i.rt_list_isempty)
    rt_list_isempty                          0x08003703   Thumb Code    16  timer.o(i.rt_list_isempty)
    i.rt_list_isempty                        0x08003712   Section        0  cmd.o(i.rt_list_isempty)
    rt_list_isempty                          0x08003713   Thumb Code    16  cmd.o(i.rt_list_isempty)
    i.rt_list_len                            0x08003722   Section        0  cmd.o(i.rt_list_len)
    rt_list_len                              0x08003723   Thumb Code    20  cmd.o(i.rt_list_len)
    i.rt_list_remove                         0x08003736   Section        0  object.o(i.rt_list_remove)
    rt_list_remove                           0x08003737   Thumb Code    18  object.o(i.rt_list_remove)
    i.rt_list_remove                         0x08003748   Section        0  thread.o(i.rt_list_remove)
    rt_list_remove                           0x08003749   Thumb Code    18  thread.o(i.rt_list_remove)
    i.rt_list_remove                         0x0800375a   Section        0  timer.o(i.rt_list_remove)
    rt_list_remove                           0x0800375b   Thumb Code    18  timer.o(i.rt_list_remove)
    i.rt_malloc                              0x0800376c   Section        0  mem.o(i.rt_malloc)
    i.rt_memmove                             0x080038d8   Section        0  kservice.o(i.rt_memmove)
    i.rt_memset                              0x0800391a   Section        0  kservice.o(i.rt_memset)
    i.rt_object_allocate                     0x08003962   Section        0  object.o(i.rt_object_allocate)
    i.rt_object_delete                       0x080039b6   Section        0  object.o(i.rt_object_delete)
    i.rt_object_detach                       0x080039da   Section        0  object.o(i.rt_object_detach)
    i.rt_object_get_information              0x080039f8   Section        0  object.o(i.rt_object_get_information)
    i.rt_object_init                         0x08003a20   Section        0  object.o(i.rt_object_init)
    i.rt_object_is_systemobject              0x08003a76   Section        0  object.o(i.rt_object_is_systemobject)
    i.rt_schedule                            0x08003a88   Section        0  scheduler.o(i.rt_schedule)
    i.rt_schedule_insert_thread              0x08003b0c   Section        0  scheduler.o(i.rt_schedule_insert_thread)
    i.rt_schedule_remove_thread              0x08003b5c   Section        0  scheduler.o(i.rt_schedule_remove_thread)
    i.rt_sem_init                            0x08003bb0   Section        0  ipc.o(i.rt_sem_init)
    i.rt_sem_release                         0x08003bd6   Section        0  ipc.o(i.rt_sem_release)
    i.rt_sem_take                            0x08003c28   Section        0  ipc.o(i.rt_sem_take)
    i.rt_show_version                        0x08003c9c   Section        0  kservice.o(i.rt_show_version)
    i.rt_strlen                              0x08003d4c   Section        0  kservice.o(i.rt_strlen)
    i.rt_strncpy                             0x08003d5e   Section        0  kservice.o(i.rt_strncpy)
    i.rt_system_heap_init                    0x08003d94   Section        0  mem.o(i.rt_system_heap_init)
    i.rt_system_scheduler_init               0x08003e8c   Section        0  scheduler.o(i.rt_system_scheduler_init)
    i.rt_system_scheduler_start              0x08003ed8   Section        0  scheduler.o(i.rt_system_scheduler_start)
    i.rt_system_timer_init                   0x08003f08   Section        0  timer.o(i.rt_system_timer_init)
    i.rt_system_timer_thread_init            0x08003f24   Section        0  timer.o(i.rt_system_timer_thread_init)
    i.rt_thread_create                       0x08003f26   Section        0  thread.o(i.rt_thread_create)
    i.rt_thread_exit                         0x08003f78   Section        0  thread.o(i.rt_thread_exit)
    i.rt_thread_idle_entry                   0x08003fd0   Section        0  idle.o(i.rt_thread_idle_entry)
    rt_thread_idle_entry                     0x08003fd1   Thumb Code     8  idle.o(i.rt_thread_idle_entry)
    i.rt_thread_idle_excute                  0x08003fd8   Section        0  idle.o(i.rt_thread_idle_excute)
    i.rt_thread_idle_init                    0x08004038   Section        0  idle.o(i.rt_thread_idle_init)
    i.rt_thread_init                         0x08004074   Section        0  thread.o(i.rt_thread_init)
    i.rt_thread_mdelay                       0x080040a8   Section        0  thread.o(i.rt_thread_mdelay)
    i.rt_thread_resume                       0x080040bc   Section        0  thread.o(i.rt_thread_resume)
    i.rt_thread_self                         0x080040f8   Section        0  thread.o(i.rt_thread_self)
    i.rt_thread_sleep                        0x08004104   Section        0  thread.o(i.rt_thread_sleep)
    i.rt_thread_startup                      0x08004148   Section        0  thread.o(i.rt_thread_startup)
    i.rt_thread_suspend                      0x08004174   Section        0  thread.o(i.rt_thread_suspend)
    i.rt_thread_timeout                      0x080041b8   Section        0  thread.o(i.rt_thread_timeout)
    i.rt_thread_yield                        0x080041d8   Section        0  thread.o(i.rt_thread_yield)
    i.rt_tick_from_millisecond               0x0800423c   Section        0  clock.o(i.rt_tick_from_millisecond)
    i.rt_tick_get                            0x08004274   Section        0  clock.o(i.rt_tick_get)
    i.rt_tick_increase                       0x08004280   Section        0  clock.o(i.rt_tick_increase)
    i.rt_timer_check                         0x080042b0   Section        0  timer.o(i.rt_timer_check)
    i.rt_timer_control                       0x08004354   Section        0  timer.o(i.rt_timer_control)
    i.rt_timer_detach                        0x080043b6   Section        0  timer.o(i.rt_timer_detach)
    i.rt_timer_init                          0x080043de   Section        0  timer.o(i.rt_timer_init)
    i.rt_timer_start                         0x0800440c   Section        0  timer.o(i.rt_timer_start)
    i.rt_timer_stop                          0x080044f8   Section        0  timer.o(i.rt_timer_stop)
    i.rt_vsnprintf                           0x08004528   Section        0  kservice.o(i.rt_vsnprintf)
    i.rti_board_end                          0x08004868   Section        0  components.o(i.rti_board_end)
    rti_board_end                            0x08004869   Thumb Code     4  components.o(i.rti_board_end)
    i.rti_board_start                        0x0800486c   Section        0  components.o(i.rti_board_start)
    rti_board_start                          0x0800486d   Thumb Code     4  components.o(i.rti_board_start)
    i.rti_end                                0x08004870   Section        0  components.o(i.rti_end)
    rti_end                                  0x08004871   Thumb Code     4  components.o(i.rti_end)
    i.rti_start                              0x08004874   Section        0  components.o(i.rti_start)
    rti_start                                0x08004875   Thumb Code     4  components.o(i.rti_start)
    i.rtthread_startup                       0x08004878   Section        0  components.o(i.rtthread_startup)
    i.shell_auto_complete                    0x080048a4   Section        0  shell.o(i.shell_auto_complete)
    shell_auto_complete                      0x080048a5   Thumb Code    42  shell.o(i.shell_auto_complete)
    i.show_wait_queue                        0x080048dc   Section        0  cmd.o(i.show_wait_queue)
    show_wait_queue                          0x080048dd   Thumb Code    40  cmd.o(i.show_wait_queue)
    i.skip_atoi                              0x0800490c   Section        0  kservice.o(i.skip_atoi)
    skip_atoi                                0x0800490d   Thumb Code    38  kservice.o(i.skip_atoi)
    i.str_common                             0x08004932   Section        0  msh.o(i.str_common)
    str_common                               0x08004933   Thumb Code    32  msh.o(i.str_common)
    i.thread_init                            0x08004954   Section        0  thread_m.o(i.thread_init)
    i.uart_init                              0x08004998   Section        0  board.o(i.uart_init)
    uart_init                                0x08004999   Thumb Code    10  board.o(i.uart_init)
    i.usage_fault_track                      0x080049a4   Section        0  cpuport.o(i.usage_fault_track)
    usage_fault_track                        0x080049a5   Thumb Code   122  cpuport.o(i.usage_fault_track)
    i.version                                0x08004a8c   Section        0  cmd.o(i.version)
    .constdata                               0x08004a96   Section      290  kservice.o(.constdata)
    small_digits                             0x08004b96   Data          17  kservice.o(.constdata)
    large_digits                             0x08004ba7   Data          17  kservice.o(.constdata)
    .conststring                             0x08004bb8   Section       68  cmd.o(.conststring)
    .rodata.name                             0x08004bfc   Section       39  mem.o(.rodata.name)
    .rodata.name                             0x08004c23   Section      423  cmd.o(.rodata.name)
    .rodata.name                             0x08004dca   Section      118  msh.o(.rodata.name)
    .rti_fn.0                                0x08004e40   Section        4  components.o(.rti_fn.0)
    __tagsym$$used                           0x08004e40   Number         0  components.o(.rti_fn.0)
    .rti_fn.0.end                            0x08004e44   Section        4  components.o(.rti_fn.0.end)
    __tagsym$$used                           0x08004e44   Number         0  components.o(.rti_fn.0.end)
    .rti_fn.1                                0x08004e48   Section        4  board.o(.rti_fn.1)
    __tagsym$$used                           0x08004e48   Number         0  board.o(.rti_fn.1)
    .rti_fn.1.end                            0x08004e4c   Section        4  components.o(.rti_fn.1.end)
    __tagsym$$used                           0x08004e4c   Number         0  components.o(.rti_fn.1.end)
    .rti_fn.6                                0x08004e50   Section        4  shell.o(.rti_fn.6)
    __tagsym$$used                           0x08004e50   Number         0  shell.o(.rti_fn.6)
    .rti_fn.6.end                            0x08004e54   Section        4  components.o(.rti_fn.6.end)
    __tagsym$$used                           0x08004e54   Number         0  components.o(.rti_fn.6.end)
    FSymTab                                  0x08004e58   Section       12  mem.o(FSymTab)
    __tagsym$$used                           0x08004e58   Number         0  mem.o(FSymTab)
    FSymTab                                  0x08004e64   Section      144  cmd.o(FSymTab)
    __tagsym$$used                           0x08004e64   Number         0  cmd.o(FSymTab)
    __tagsym$$used                           0x08004e70   Number         0  cmd.o(FSymTab)
    __tagsym$$used                           0x08004e7c   Number         0  cmd.o(FSymTab)
    __tagsym$$used                           0x08004e88   Number         0  cmd.o(FSymTab)
    __tagsym$$used                           0x08004e94   Number         0  cmd.o(FSymTab)
    __tagsym$$used                           0x08004ea0   Number         0  cmd.o(FSymTab)
    __tagsym$$used                           0x08004eac   Number         0  cmd.o(FSymTab)
    __tagsym$$used                           0x08004eb8   Number         0  cmd.o(FSymTab)
    __tagsym$$used                           0x08004ec4   Number         0  cmd.o(FSymTab)
    __tagsym$$used                           0x08004ed0   Number         0  cmd.o(FSymTab)
    __tagsym$$used                           0x08004edc   Number         0  cmd.o(FSymTab)
    __tagsym$$used                           0x08004ee8   Number         0  cmd.o(FSymTab)
    FSymTab                                  0x08004ef4   Section       36  msh.o(FSymTab)
    __tagsym$$used                           0x08004ef4   Number         0  msh.o(FSymTab)
    __tagsym$$used                           0x08004f00   Number         0  msh.o(FSymTab)
    __tagsym$$used                           0x08004f0c   Number         0  msh.o(FSymTab)
    .data                                    0x20000000   Section        4  debug_uart.o(.data)
    .data                                    0x20000004   Section       16  stm32f4xx_rcc.o(.data)
    APBAHBPrescTable                         0x20000004   Data          16  stm32f4xx_rcc.o(.data)
    .data                                    0x20000014   Section       20  system_stm32f4xx.o(.data)
    .data                                    0x20000028   Section        4  clock.o(.data)
    rt_tick                                  0x20000028   Data           4  clock.o(.data)
    .data                                    0x2000002c   Section       16  cpuport.o(.data)
    rt_exception_hook                        0x20000038   Data           4  cpuport.o(.data)
    .data                                    0x2000003c   Section        1  irq.o(.data)
    .data                                    0x20000040   Section       24  mem.o(.data)
    heap_ptr                                 0x20000040   Data           4  mem.o(.data)
    heap_end                                 0x20000044   Data           4  mem.o(.data)
    lfree                                    0x20000048   Data           4  mem.o(.data)
    mem_size_aligned                         0x2000004c   Data           4  mem.o(.data)
    used_mem                                 0x20000050   Data           4  mem.o(.data)
    max_mem                                  0x20000054   Data           4  mem.o(.data)
    .data                                    0x20000058   Section       64  object.o(.data)
    rt_object_container                      0x20000058   Data          64  object.o(.data)
    .data                                    0x20000098   Section       24  scheduler.o(.data)
    rt_scheduler_lock_nest                   0x2000009c   Data           2  scheduler.o(.data)
    .data                                    0x200000b0   Section       12  timer.o(.data)
    rt_timer_list                            0x200000b0   Data           8  timer.o(.data)
    random_nr                                0x200000b8   Data           4  timer.o(.data)
    .data                                    0x200000bc   Section       24  shell.o(.data)
    finsh_prompt_custom                      0x200000d0   Data           4  shell.o(.data)
    .bss                                     0x200000d4   Section      648  thread_m.o(.bss)
    led_thread                               0x200000d4   Data         136  thread_m.o(.bss)
    led_thread_stack                         0x2000015c   Data         512  thread_m.o(.bss)
    .bss                                     0x2000035c   Section     4096  board.o(.bss)
    rt_heap                                  0x2000035c   Data        4096  board.o(.bss)
    .bss                                     0x2000135c   Section      392  idle.o(.bss)
    idle                                     0x2000135c   Data         136  idle.o(.bss)
    rt_thread_stack                          0x200013e4   Data         256  idle.o(.bss)
    .bss                                     0x200014e4   Section      256  kservice.o(.bss)
    rt_log_buf                               0x200014e4   Data         256  kservice.o(.bss)
    .bss                                     0x200015e4   Section       40  mem.o(.bss)
    heap_sem                                 0x200015e4   Data          40  mem.o(.bss)
    .bss                                     0x2000160c   Section      256  scheduler.o(.bss)
    .bss                                     0x2000170c   Section      257  shell.o(.bss)
    finsh_prompt                             0x2000170c   Data         257  shell.o(.bss)
    STACK                                    0x20001810   Section     4096  startup_stm32f427_437xx.o(STACK)

    Global Symbols

    Symbol Name                              Value     Ov Type        Size  Object(Section)

    BuildAttributes$$THM_ISAv4$E$P$D$K$B$S$7EM$VFPi3$EXTD16$VFPS$VFMA$PE$A:L22UL41UL21$X:L11$S22US41US21$IEEE1$IW$USESV6$~STKCKD$USESV7$~SHL$OTIME$ROPI$IEEEX$EBA8$MICROLIB$REQ8$PRES8$EABIv2 0x00000000   Number         0  anon$$obj.o ABSOLUTE
    __ARM_use_no_argv                        0x00000000   Number         0  main.o ABSOLUTE
    _printf_a                                0x00000000   Number         0  stubs.o ABSOLUTE
    _printf_c                                0x00000000   Number         0  stubs.o ABSOLUTE
    _printf_charcount                        0x00000000   Number         0  stubs.o ABSOLUTE
    _printf_d                                0x00000000   Number         0  stubs.o ABSOLUTE
    _printf_e                                0x00000000   Number         0  stubs.o ABSOLUTE
    _printf_f                                0x00000000   Number         0  stubs.o ABSOLUTE
    _printf_flags                            0x00000000   Number         0  stubs.o ABSOLUTE
    _printf_fp_dec                           0x00000000   Number         0  stubs.o ABSOLUTE
    _printf_fp_hex                           0x00000000   Number         0  stubs.o ABSOLUTE
    _printf_g                                0x00000000   Number         0  stubs.o ABSOLUTE
    _printf_i                                0x00000000   Number         0  stubs.o ABSOLUTE
    _printf_int_dec                          0x00000000   Number         0  stubs.o ABSOLUTE
    _printf_l                                0x00000000   Number         0  stubs.o ABSOLUTE
    _printf_lc                               0x00000000   Number         0  stubs.o ABSOLUTE
    _printf_ll                               0x00000000   Number         0  stubs.o ABSOLUTE
    _printf_lld                              0x00000000   Number         0  stubs.o ABSOLUTE
    _printf_lli                              0x00000000   Number         0  stubs.o ABSOLUTE
    _printf_llo                              0x00000000   Number         0  stubs.o ABSOLUTE
    _printf_llu                              0x00000000   Number         0  stubs.o ABSOLUTE
    _printf_llx                              0x00000000   Number         0  stubs.o ABSOLUTE
    _printf_longlong_dec                     0x00000000   Number         0  stubs.o ABSOLUTE
    _printf_longlong_hex                     0x00000000   Number         0  stubs.o ABSOLUTE
    _printf_longlong_oct                     0x00000000   Number         0  stubs.o ABSOLUTE
    _printf_ls                               0x00000000   Number         0  stubs.o ABSOLUTE
    _printf_mbtowc                           0x00000000   Number         0  stubs.o ABSOLUTE
    _printf_n                                0x00000000   Number         0  stubs.o ABSOLUTE
    _printf_o                                0x00000000   Number         0  stubs.o ABSOLUTE
    _printf_p                                0x00000000   Number         0  stubs.o ABSOLUTE
    _printf_percent                          0x00000000   Number         0  stubs.o ABSOLUTE
    _printf_pre_padding                      0x00000000   Number         0  stubs.o ABSOLUTE
    _printf_return_value                     0x00000000   Number         0  stubs.o ABSOLUTE
    _printf_s                                0x00000000   Number         0  stubs.o ABSOLUTE
    _printf_sizespec                         0x00000000   Number         0  stubs.o ABSOLUTE
    _printf_str                              0x00000000   Number         0  stubs.o ABSOLUTE
    _printf_truncate_signed                  0x00000000   Number         0  stubs.o ABSOLUTE
    _printf_truncate_unsigned                0x00000000   Number         0  stubs.o ABSOLUTE
    _printf_u                                0x00000000   Number         0  stubs.o ABSOLUTE
    _printf_wc                               0x00000000   Number         0  stubs.o ABSOLUTE
    _printf_wctomb                           0x00000000   Number         0  stubs.o ABSOLUTE
    _printf_widthprec                        0x00000000   Number         0  stubs.o ABSOLUTE
    _printf_x                                0x00000000   Number         0  stubs.o ABSOLUTE
    __arm_fini_                               - Undefined Weak Reference
    __cpp_initialize__aeabi_                  - Undefined Weak Reference
    __cxa_finalize                            - Undefined Weak Reference
    __decompress                              - Undefined Weak Reference
    _clock_init                               - Undefined Weak Reference
    _microlib_exit                            - Undefined Weak Reference
    __Vectors_Size                           0x000001ac   Number         0  startup_stm32f427_437xx.o ABSOLUTE
    __Vectors                                0x08000000   Data           4  startup_stm32f427_437xx.o(RESET)
    __Vectors_End                            0x080001ac   Data           0  startup_stm32f427_437xx.o(RESET)
    __main                                   0x080001ad   Thumb Code     0  entry.o(.ARM.Collect$$$$00000000)
    _main_stk                                0x080001ad   Thumb Code     0  entry2.o(.ARM.Collect$$$$00000001)
    _main_scatterload                        0x080001b1   Thumb Code     0  entry5.o(.ARM.Collect$$$$00000004)
    __main_after_scatterload                 0x080001b5   Thumb Code     0  entry5.o(.ARM.Collect$$$$00000004)
    _main_clock                              0x080001b5   Thumb Code     0  entry7b.o(.ARM.Collect$$$$00000008)
    _main_cpp_init                           0x080001b5   Thumb Code     0  entry8b.o(.ARM.Collect$$$$0000000A)
    _main_init                               0x080001b5   Thumb Code     0  entry9a.o(.ARM.Collect$$$$0000000B)
    __rt_lib_shutdown_fini                   0x080001bd   Thumb Code     0  entry12b.o(.ARM.Collect$$$$0000000E)
    __rt_final_cpp                           0x080001c1   Thumb Code     0  entry10a.o(.ARM.Collect$$$$0000000F)
    __rt_final_exit                          0x080001c1   Thumb Code     0  entry11a.o(.ARM.Collect$$$$00000011)
    Reset_Handler                            0x080001c5   Thumb Code     8  startup_stm32f427_437xx.o(.text)
    ADC_IRQHandler                           0x080001df   Thumb Code     0  startup_stm32f427_437xx.o(.text)
    CAN1_RX0_IRQHandler                      0x080001df   Thumb Code     0  startup_stm32f427_437xx.o(.text)
    CAN1_RX1_IRQHandler                      0x080001df   Thumb Code     0  startup_stm32f427_437xx.o(.text)
    CAN1_SCE_IRQHandler                      0x080001df   Thumb Code     0  startup_stm32f427_437xx.o(.text)
    CAN1_TX_IRQHandler                       0x080001df   Thumb Code     0  startup_stm32f427_437xx.o(.text)
    CAN2_RX0_IRQHandler                      0x080001df   Thumb Code     0  startup_stm32f427_437xx.o(.text)
    CAN2_RX1_IRQHandler                      0x080001df   Thumb Code     0  startup_stm32f427_437xx.o(.text)
    CAN2_SCE_IRQHandler                      0x080001df   Thumb Code     0  startup_stm32f427_437xx.o(.text)
    CAN2_TX_IRQHandler                       0x080001df   Thumb Code     0  startup_stm32f427_437xx.o(.text)
    CRYP_IRQHandler                          0x080001df   Thumb Code     0  startup_stm32f427_437xx.o(.text)
    DCMI_IRQHandler                          0x080001df   Thumb Code     0  startup_stm32f427_437xx.o(.text)
    DMA1_Stream0_IRQHandler                  0x080001df   Thumb Code     0  startup_stm32f427_437xx.o(.text)
    DMA1_Stream1_IRQHandler                  0x080001df   Thumb Code     0  startup_stm32f427_437xx.o(.text)
    DMA1_Stream2_IRQHandler                  0x080001df   Thumb Code     0  startup_stm32f427_437xx.o(.text)
    DMA1_Stream3_IRQHandler                  0x080001df   Thumb Code     0  startup_stm32f427_437xx.o(.text)
    DMA1_Stream4_IRQHandler                  0x080001df   Thumb Code     0  startup_stm32f427_437xx.o(.text)
    DMA1_Stream5_IRQHandler                  0x080001df   Thumb Code     0  startup_stm32f427_437xx.o(.text)
    DMA1_Stream6_IRQHandler                  0x080001df   Thumb Code     0  startup_stm32f427_437xx.o(.text)
    DMA1_Stream7_IRQHandler                  0x080001df   Thumb Code     0  startup_stm32f427_437xx.o(.text)
    DMA2D_IRQHandler                         0x080001df   Thumb Code     0  startup_stm32f427_437xx.o(.text)
    DMA2_Stream0_IRQHandler                  0x080001df   Thumb Code     0  startup_stm32f427_437xx.o(.text)
    DMA2_Stream1_IRQHandler                  0x080001df   Thumb Code     0  startup_stm32f427_437xx.o(.text)
    DMA2_Stream2_IRQHandler                  0x080001df   Thumb Code     0  startup_stm32f427_437xx.o(.text)
    DMA2_Stream3_IRQHandler                  0x080001df   Thumb Code     0  startup_stm32f427_437xx.o(.text)
    DMA2_Stream4_IRQHandler                  0x080001df   Thumb Code     0  startup_stm32f427_437xx.o(.text)
    DMA2_Stream5_IRQHandler                  0x080001df   Thumb Code     0  startup_stm32f427_437xx.o(.text)
    DMA2_Stream6_IRQHandler                  0x080001df   Thumb Code     0  startup_stm32f427_437xx.o(.text)
    DMA2_Stream7_IRQHandler                  0x080001df   Thumb Code     0  startup_stm32f427_437xx.o(.text)
    ETH_IRQHandler                           0x080001df   Thumb Code     0  startup_stm32f427_437xx.o(.text)
    ETH_WKUP_IRQHandler                      0x080001df   Thumb Code     0  startup_stm32f427_437xx.o(.text)
    EXTI0_IRQHandler                         0x080001df   Thumb Code     0  startup_stm32f427_437xx.o(.text)
    EXTI15_10_IRQHandler                     0x080001df   Thumb Code     0  startup_stm32f427_437xx.o(.text)
    EXTI1_IRQHandler                         0x080001df   Thumb Code     0  startup_stm32f427_437xx.o(.text)
    EXTI2_IRQHandler                         0x080001df   Thumb Code     0  startup_stm32f427_437xx.o(.text)
    EXTI3_IRQHandler                         0x080001df   Thumb Code     0  startup_stm32f427_437xx.o(.text)
    EXTI4_IRQHandler                         0x080001df   Thumb Code     0  startup_stm32f427_437xx.o(.text)
    EXTI9_5_IRQHandler                       0x080001df   Thumb Code     0  startup_stm32f427_437xx.o(.text)
    FLASH_IRQHandler                         0x080001df   Thumb Code     0  startup_stm32f427_437xx.o(.text)
    FMC_IRQHandler                           0x080001df   Thumb Code     0  startup_stm32f427_437xx.o(.text)
    FPU_IRQHandler                           0x080001df   Thumb Code     0  startup_stm32f427_437xx.o(.text)
    HASH_RNG_IRQHandler                      0x080001df   Thumb Code     0  startup_stm32f427_437xx.o(.text)
    I2C1_ER_IRQHandler                       0x080001df   Thumb Code     0  startup_stm32f427_437xx.o(.text)
    I2C1_EV_IRQHandler                       0x080001df   Thumb Code     0  startup_stm32f427_437xx.o(.text)
    I2C2_ER_IRQHandler                       0x080001df   Thumb Code     0  startup_stm32f427_437xx.o(.text)
    I2C2_EV_IRQHandler                       0x080001df   Thumb Code     0  startup_stm32f427_437xx.o(.text)
    I2C3_ER_IRQHandler                       0x080001df   Thumb Code     0  startup_stm32f427_437xx.o(.text)
    I2C3_EV_IRQHandler                       0x080001df   Thumb Code     0  startup_stm32f427_437xx.o(.text)
    OTG_FS_IRQHandler                        0x080001df   Thumb Code     0  startup_stm32f427_437xx.o(.text)
    OTG_FS_WKUP_IRQHandler                   0x080001df   Thumb Code     0  startup_stm32f427_437xx.o(.text)
    OTG_HS_EP1_IN_IRQHandler                 0x080001df   Thumb Code     0  startup_stm32f427_437xx.o(.text)
    OTG_HS_EP1_OUT_IRQHandler                0x080001df   Thumb Code     0  startup_stm32f427_437xx.o(.text)
    OTG_HS_IRQHandler                        0x080001df   Thumb Code     0  startup_stm32f427_437xx.o(.text)
    OTG_HS_WKUP_IRQHandler                   0x080001df   Thumb Code     0  startup_stm32f427_437xx.o(.text)
    PVD_IRQHandler                           0x080001df   Thumb Code     0  startup_stm32f427_437xx.o(.text)
    RCC_IRQHandler                           0x080001df   Thumb Code     0  startup_stm32f427_437xx.o(.text)
    RTC_Alarm_IRQHandler                     0x080001df   Thumb Code     0  startup_stm32f427_437xx.o(.text)
    RTC_WKUP_IRQHandler                      0x080001df   Thumb Code     0  startup_stm32f427_437xx.o(.text)
    SAI1_IRQHandler                          0x080001df   Thumb Code     0  startup_stm32f427_437xx.o(.text)
    SDIO_IRQHandler                          0x080001df   Thumb Code     0  startup_stm32f427_437xx.o(.text)
    SPI1_IRQHandler                          0x080001df   Thumb Code     0  startup_stm32f427_437xx.o(.text)
    SPI2_IRQHandler                          0x080001df   Thumb Code     0  startup_stm32f427_437xx.o(.text)
    SPI3_IRQHandler                          0x080001df   Thumb Code     0  startup_stm32f427_437xx.o(.text)
    SPI4_IRQHandler                          0x080001df   Thumb Code     0  startup_stm32f427_437xx.o(.text)
    SPI5_IRQHandler                          0x080001df   Thumb Code     0  startup_stm32f427_437xx.o(.text)
    SPI6_IRQHandler                          0x080001df   Thumb Code     0  startup_stm32f427_437xx.o(.text)
    TAMP_STAMP_IRQHandler                    0x080001df   Thumb Code     0  startup_stm32f427_437xx.o(.text)
    TIM1_BRK_TIM9_IRQHandler                 0x080001df   Thumb Code     0  startup_stm32f427_437xx.o(.text)
    TIM1_CC_IRQHandler                       0x080001df   Thumb Code     0  startup_stm32f427_437xx.o(.text)
    TIM1_TRG_COM_TIM11_IRQHandler            0x080001df   Thumb Code     0  startup_stm32f427_437xx.o(.text)
    TIM1_UP_TIM10_IRQHandler                 0x080001df   Thumb Code     0  startup_stm32f427_437xx.o(.text)
    TIM2_IRQHandler                          0x080001df   Thumb Code     0  startup_stm32f427_437xx.o(.text)
    TIM3_IRQHandler                          0x080001df   Thumb Code     0  startup_stm32f427_437xx.o(.text)
    TIM4_IRQHandler                          0x080001df   Thumb Code     0  startup_stm32f427_437xx.o(.text)
    TIM5_IRQHandler                          0x080001df   Thumb Code     0  startup_stm32f427_437xx.o(.text)
    TIM6_DAC_IRQHandler                      0x080001df   Thumb Code     0  startup_stm32f427_437xx.o(.text)
    TIM7_IRQHandler                          0x080001df   Thumb Code     0  startup_stm32f427_437xx.o(.text)
    TIM8_BRK_TIM12_IRQHandler                0x080001df   Thumb Code     0  startup_stm32f427_437xx.o(.text)
    TIM8_CC_IRQHandler                       0x080001df   Thumb Code     0  startup_stm32f427_437xx.o(.text)
    TIM8_TRG_COM_TIM14_IRQHandler            0x080001df   Thumb Code     0  startup_stm32f427_437xx.o(.text)
    TIM8_UP_TIM13_IRQHandler                 0x080001df   Thumb Code     0  startup_stm32f427_437xx.o(.text)
    UART4_IRQHandler                         0x080001df   Thumb Code     0  startup_stm32f427_437xx.o(.text)
    UART5_IRQHandler                         0x080001df   Thumb Code     0  startup_stm32f427_437xx.o(.text)
    UART7_IRQHandler                         0x080001df   Thumb Code     0  startup_stm32f427_437xx.o(.text)
    UART8_IRQHandler                         0x080001df   Thumb Code     0  startup_stm32f427_437xx.o(.text)
    USART1_IRQHandler                        0x080001df   Thumb Code     0  startup_stm32f427_437xx.o(.text)
    USART2_IRQHandler                        0x080001df   Thumb Code     0  startup_stm32f427_437xx.o(.text)
    USART3_IRQHandler                        0x080001df   Thumb Code     0  startup_stm32f427_437xx.o(.text)
    USART6_IRQHandler                        0x080001df   Thumb Code     0  startup_stm32f427_437xx.o(.text)
    WWDG_IRQHandler                          0x080001df   Thumb Code     0  startup_stm32f427_437xx.o(.text)
    rt_hw_interrupt_disable                  0x080001e9   Thumb Code     8  context_rvds.o(.text)
    rt_hw_interrupt_enable                   0x080001f1   Thumb Code     6  context_rvds.o(.text)
    rt_hw_context_switch                     0x080001f7   Thumb Code    32  context_rvds.o(.text)
    rt_hw_context_switch_interrupt           0x080001f7   Thumb Code     0  context_rvds.o(.text)
    PendSV_Handler                           0x08000217   Thumb Code   108  context_rvds.o(.text)
    rt_hw_context_switch_to                  0x08000283   Thumb Code    70  context_rvds.o(.text)
    rt_hw_interrupt_thread_switch            0x080002c9   Thumb Code     2  context_rvds.o(.text)
    HardFault_Handler                        0x080002cb   Thumb Code    56  context_rvds.o(.text)
    __aeabi_memcpy                           0x0800031d   Thumb Code    36  memcpya.o(.text)
    __aeabi_memcpy4                          0x0800031d   Thumb Code     0  memcpya.o(.text)
    __aeabi_memcpy8                          0x0800031d   Thumb Code     0  memcpya.o(.text)
    __aeabi_memset                           0x08000341   Thumb Code    14  memseta.o(.text)
    __aeabi_memset4                          0x08000341   Thumb Code     0  memseta.o(.text)
    __aeabi_memset8                          0x08000341   Thumb Code     0  memseta.o(.text)
    __aeabi_memclr                           0x0800034f   Thumb Code     4  memseta.o(.text)
    __aeabi_memclr4                          0x0800034f   Thumb Code     0  memseta.o(.text)
    __aeabi_memclr8                          0x0800034f   Thumb Code     0  memseta.o(.text)
    _memset$wrapper                          0x08000353   Thumb Code    18  memseta.o(.text)
    strcat                                   0x08000365   Thumb Code    24  strcat.o(.text)
    strncpy                                  0x0800037d   Thumb Code    24  strncpy.o(.text)
    strlen                                   0x08000395   Thumb Code    14  strlen.o(.text)
    strcpy                                   0x080003a3   Thumb Code    18  strcpy.o(.text)
    strncmp                                  0x080003b5   Thumb Code    30  strncmp.o(.text)
    __aeabi_dadd                             0x080003d3   Thumb Code   322  dadd.o(.text)
    __aeabi_dsub                             0x08000515   Thumb Code     6  dadd.o(.text)
    __aeabi_drsub                            0x0800051b   Thumb Code     6  dadd.o(.text)
    __aeabi_dmul                             0x08000521   Thumb Code   228  dmul.o(.text)
    __aeabi_ddiv                             0x08000605   Thumb Code   222  ddiv.o(.text)
    __aeabi_cdrcmple                         0x080006e5   Thumb Code    48  cdrcmple.o(.text)
    __aeabi_uidiv                            0x08000715   Thumb Code     0  uidiv.o(.text)
    __aeabi_uidivmod                         0x08000715   Thumb Code    44  uidiv.o(.text)
    __aeabi_uldivmod                         0x08000741   Thumb Code    98  uldiv.o(.text)
    __aeabi_llsl                             0x080007a3   Thumb Code    30  llshl.o(.text)
    _ll_shift_l                              0x080007a3   Thumb Code     0  llshl.o(.text)
    __aeabi_llsr                             0x080007c1   Thumb Code    32  llushr.o(.text)
    _ll_ushift_r                             0x080007c1   Thumb Code     0  llushr.o(.text)
    __aeabi_lasr                             0x080007e1   Thumb Code    36  llsshr.o(.text)
    _ll_sshift_r                             0x080007e1   Thumb Code     0  llsshr.o(.text)
    __I$use$fp                               0x08000805   Thumb Code     0  iusefp.o(.text)
    _double_round                            0x08000805   Thumb Code    30  depilogue.o(.text)
    _double_epilogue                         0x08000823   Thumb Code   156  depilogue.o(.text)
    __aeabi_d2ulz                            0x080008bf   Thumb Code    48  dfixul.o(.text)
    __scatterload                            0x080008f1   Thumb Code    28  init.o(.text)
    __scatterload_rt2                        0x080008f1   Thumb Code     0  init.o(.text)
    main                                     0x08000915   Thumb Code    10  components.o(i.$Sub$$main)
    BusFault_Handler                         0x0800091f   Thumb Code     4  stm32f4xx_it.o(i.BusFault_Handler)
    DebugMon_Handler                         0x08000923   Thumb Code     2  stm32f4xx_it.o(i.DebugMon_Handler)
    GPIO_Configuration                       0x08000925   Thumb Code    86  bsp_gpio.o(i.GPIO_Configuration)
    GPIO_Init                                0x08000981   Thumb Code   144  stm32f4xx_gpio.o(i.GPIO_Init)
    GPIO_PinAFConfig                         0x08000a11   Thumb Code    70  stm32f4xx_gpio.o(i.GPIO_PinAFConfig)
    LED_OFF                                  0x08000a59   Thumb Code    50  bsp_gpio.o(i.LED_OFF)
    LED_ON                                   0x08000a91   Thumb Code    50  bsp_gpio.o(i.LED_ON)
    MemManage_Handler                        0x08000ac9   Thumb Code     4  stm32f4xx_it.o(i.MemManage_Handler)
    NMI_Handler                              0x08000acd   Thumb Code     2  stm32f4xx_it.o(i.NMI_Handler)
    RCC_AHB1PeriphClockCmd                   0x08000ad1   Thumb Code    26  stm32f4xx_rcc.o(i.RCC_AHB1PeriphClockCmd)
    RCC_APB2PeriphClockCmd                   0x08000af1   Thumb Code    26  stm32f4xx_rcc.o(i.RCC_APB2PeriphClockCmd)
    RCC_GetClocksFreq                        0x08000b11   Thumb Code   214  stm32f4xx_rcc.o(i.RCC_GetClocksFreq)
    SVC_Handler                              0x08000bf9   Thumb Code     2  stm32f4xx_it.o(i.SVC_Handler)
    SysTick_Handler                          0x08000d29   Thumb Code    16  board.o(i.SysTick_Handler)
    SystemCoreClockUpdate                    0x08000d39   Thumb Code   170  system_stm32f4xx.o(i.SystemCoreClockUpdate)
    SystemInit                               0x08000df9   Thumb Code    88  system_stm32f4xx.o(i.SystemInit)
    USART_ClearFlag                          0x08000e61   Thumb Code    18  stm32f4xx_usart.o(i.USART_ClearFlag)
    USART_ClearITPendingBit                  0x08000e73   Thumb Code    30  stm32f4xx_usart.o(i.USART_ClearITPendingBit)
    USART_Cmd                                0x08000e91   Thumb Code    24  stm32f4xx_usart.o(i.USART_Cmd)
    USART_GetFlagStatus                      0x08000ea9   Thumb Code    26  stm32f4xx_usart.o(i.USART_GetFlagStatus)
    USART_GetITStatus                        0x08000ec3   Thumb Code    84  stm32f4xx_usart.o(i.USART_GetITStatus)
    USART_ITConfig                           0x08000f17   Thumb Code    74  stm32f4xx_usart.o(i.USART_ITConfig)
    USART_Init                               0x08000f61   Thumb Code   204  stm32f4xx_usart.o(i.USART_Init)
    USART_ReceiveData                        0x08001035   Thumb Code    10  stm32f4xx_usart.o(i.USART_ReceiveData)
    UsageFault_Handler                       0x0800103f   Thumb Code     4  stm32f4xx_it.o(i.UsageFault_Handler)
    __0printf                                0x08001075   Thumb Code    22  printfa.o(i.__0printf)
    __1printf                                0x08001075   Thumb Code     0  printfa.o(i.__0printf)
    __2printf                                0x08001075   Thumb Code     0  printfa.o(i.__0printf)
    __c89printf                              0x08001075   Thumb Code     0  printfa.o(i.__0printf)
    printf                                   0x08001075   Thumb Code     0  printfa.o(i.__0printf)
    __rt_ffs                                 0x08001095   Thumb Code    70  kservice.o(i.__rt_ffs)
    __scatterload_copy                       0x080010e1   Thumb Code    14  handlers.o(i.__scatterload_copy)
    __scatterload_null                       0x080010ef   Thumb Code     2  handlers.o(i.__scatterload_null)
    __scatterload_zeroinit                   0x080010f1   Thumb Code    14  handlers.o(i.__scatterload_zeroinit)
    cmd_free                                 0x08001bf9   Thumb Code    14  msh.o(i.cmd_free)
    cmd_ps                                   0x08001c07   Thumb Code    14  msh.o(i.cmd_ps)
    debug_usart_Init                         0x08001c15   Thumb Code   148  debug_uart.o(i.debug_usart_Init)
    debug_usart_Tx                           0x08001cb1   Thumb Code    38  debug_uart.o(i.debug_usart_Tx)
    finsh_get_prompt                         0x08001cdd   Thumb Code    86  shell.o(i.finsh_get_prompt)
    finsh_set_prompt_mode                    0x08001d5d   Thumb Code    22  shell.o(i.finsh_set_prompt_mode)
    finsh_system_function_init               0x08001d79   Thumb Code    10  shell.o(i.finsh_system_function_init)
    finsh_system_init                        0x08001d8d   Thumb Code    98  shell.o(i.finsh_system_init)
    finsh_thread_entry                       0x08001e29   Thumb Code   936  shell.o(i.finsh_thread_entry)
    fputc                                    0x080021f1   Thumb Code    22  debug_uart.o(i.fputc)
    hello                                    0x0800228d   Thumb Code    12  cmd.o(i.hello)
    led_thread_entry                         0x080022ad   Thumb Code    76  thread_m.o(i.led_thread_entry)
    list                                     0x080022f9   Thumb Code    54  cmd.o(i.list)
    list_mailbox                             0x08002415   Thumb Code   224  cmd.o(i.list_mailbox)
    list_mem                                 0x08002571   Thumb Code    34  mem.o(i.list_mem)
    list_sem                                 0x080025e9   Thumb Code   216  cmd.o(i.list_sem)
    list_thread                              0x08002721   Thumb Code   294  cmd.o(i.list_thread)
    list_timer                               0x08002905   Thumb Code   190  cmd.o(i.list_timer)
    $Super$$main                             0x08002a65   Thumb Code    38  main.o(i.main)
    main_thread_entry                        0x08002a9d   Thumb Code    14  components.o(i.main_thread_entry)
    msh_auto_complete                        0x08002b95   Thumb Code   138  msh.o(i.msh_auto_complete)
    msh_exec                                 0x08002c35   Thumb Code    84  msh.o(i.msh_exec)
    msh_help                                 0x08002cfd   Thumb Code    66  msh.o(i.msh_help)
    msh_is_used                              0x08002d7d   Thumb Code     4  msh.o(i.msh_is_used)
    rt_application_init                      0x0800309d   Thumb Code    34  components.o(i.rt_application_init)
    rt_calloc                                0x080030cd   Thumb Code    34  mem.o(i.rt_calloc)
    rt_components_board_init                 0x080030f1   Thumb Code    20  components.o(i.rt_components_board_init)
    rt_components_init                       0x0800310d   Thumb Code    20  components.o(i.rt_components_init)
    rt_enter_critical                        0x08003129   Thumb Code    28  scheduler.o(i.rt_enter_critical)
    rt_exit_critical                         0x08003149   Thumb Code    60  scheduler.o(i.rt_exit_critical)
    rt_free                                  0x0800318d   Thumb Code   128  mem.o(i.rt_free)
    rt_heap_begin_get                        0x0800326d   Thumb Code     4  board.o(i.rt_heap_begin_get)
    rt_heap_end_get                          0x08003275   Thumb Code     4  board.o(i.rt_heap_end_get)
    rt_hw_board_init                         0x0800327d   Thumb Code    52  board.o(i.rt_hw_board_init)
    rt_hw_console_getchar                    0x080032b5   Thumb Code    56  finsh_port.o(i.rt_hw_console_getchar)
    rt_hw_console_output                     0x080032f1   Thumb Code    54  board.o(i.rt_hw_console_output)
    rt_hw_hard_fault_exception               0x08003329   Thumb Code   220  cpuport.o(i.rt_hw_hard_fault_exception)
    rt_hw_stack_init                         0x08003555   Thumb Code    74  cpuport.o(i.rt_hw_stack_init)
    rt_interrupt_enter                       0x080035a5   Thumb Code    26  irq.o(i.rt_interrupt_enter)
    rt_interrupt_leave                       0x080035c5   Thumb Code    26  irq.o(i.rt_interrupt_leave)
    rt_kprintf                               0x08003679   Thumb Code    44  kservice.o(i.rt_kprintf)
    rt_malloc                                0x0800376d   Thumb Code   336  mem.o(i.rt_malloc)
    rt_memmove                               0x080038d9   Thumb Code    66  kservice.o(i.rt_memmove)
    rt_memset                                0x0800391b   Thumb Code    72  kservice.o(i.rt_memset)
    rt_object_allocate                       0x08003963   Thumb Code    84  object.o(i.rt_object_allocate)
    rt_object_delete                         0x080039b7   Thumb Code    36  object.o(i.rt_object_delete)
    rt_object_detach                         0x080039db   Thumb Code    30  object.o(i.rt_object_detach)
    rt_object_get_information                0x080039f9   Thumb Code    36  object.o(i.rt_object_get_information)
    rt_object_init                           0x08003a21   Thumb Code    86  object.o(i.rt_object_init)
    rt_object_is_systemobject                0x08003a77   Thumb Code    18  object.o(i.rt_object_is_systemobject)
    rt_schedule                              0x08003a89   Thumb Code   106  scheduler.o(i.rt_schedule)
    rt_schedule_insert_thread                0x08003b0d   Thumb Code    72  scheduler.o(i.rt_schedule_insert_thread)
    rt_schedule_remove_thread                0x08003b5d   Thumb Code    76  scheduler.o(i.rt_schedule_remove_thread)
    rt_sem_init                              0x08003bb1   Thumb Code    38  ipc.o(i.rt_sem_init)
    rt_sem_release                           0x08003bd7   Thumb Code    82  ipc.o(i.rt_sem_release)
    rt_sem_take                              0x08003c29   Thumb Code   116  ipc.o(i.rt_sem_take)
    rt_show_version                          0x08003c9d   Thumb Code    38  kservice.o(i.rt_show_version)
    rt_strlen                                0x08003d4d   Thumb Code    18  kservice.o(i.rt_strlen)
    rt_strncpy                               0x08003d5f   Thumb Code    52  kservice.o(i.rt_strncpy)
    rt_system_heap_init                      0x08003d95   Thumb Code   160  mem.o(i.rt_system_heap_init)
    rt_system_scheduler_init                 0x08003e8d   Thumb Code    52  scheduler.o(i.rt_system_scheduler_init)
    rt_system_scheduler_start                0x08003ed9   Thumb Code    36  scheduler.o(i.rt_system_scheduler_start)
    rt_system_timer_init                     0x08003f09   Thumb Code    24  timer.o(i.rt_system_timer_init)
    rt_system_timer_thread_init              0x08003f25   Thumb Code     2  timer.o(i.rt_system_timer_thread_init)
    rt_thread_create                         0x08003f27   Thumb Code    80  thread.o(i.rt_thread_create)
    rt_thread_exit                           0x08003f79   Thumb Code    78  thread.o(i.rt_thread_exit)
    rt_thread_idle_excute                    0x08003fd9   Thumb Code    92  idle.o(i.rt_thread_idle_excute)
    rt_thread_idle_init                      0x08004039   Thumb Code    38  idle.o(i.rt_thread_idle_init)
    rt_thread_init                           0x08004075   Thumb Code    52  thread.o(i.rt_thread_init)
    rt_thread_mdelay                         0x080040a9   Thumb Code    20  thread.o(i.rt_thread_mdelay)
    rt_thread_resume                         0x080040bd   Thumb Code    60  thread.o(i.rt_thread_resume)
    rt_thread_self                           0x080040f9   Thumb Code     6  thread.o(i.rt_thread_self)
    rt_thread_sleep                          0x08004105   Thumb Code    62  thread.o(i.rt_thread_sleep)
    rt_thread_startup                        0x08004149   Thumb Code    44  thread.o(i.rt_thread_startup)
    rt_thread_suspend                        0x08004175   Thumb Code    68  thread.o(i.rt_thread_suspend)
    rt_thread_timeout                        0x080041b9   Thumb Code    32  thread.o(i.rt_thread_timeout)
    rt_thread_yield                          0x080041d9   Thumb Code    92  thread.o(i.rt_thread_yield)
    rt_tick_from_millisecond                 0x0800423d   Thumb Code    56  clock.o(i.rt_tick_from_millisecond)
    rt_tick_get                              0x08004275   Thumb Code     6  clock.o(i.rt_tick_get)
    rt_tick_increase                         0x08004281   Thumb Code    42  clock.o(i.rt_tick_increase)
    rt_timer_check                           0x080042b1   Thumb Code   160  timer.o(i.rt_timer_check)
    rt_timer_control                         0x08004355   Thumb Code    98  timer.o(i.rt_timer_control)
    rt_timer_detach                          0x080043b7   Thumb Code    40  timer.o(i.rt_timer_detach)
    rt_timer_init                            0x080043df   Thumb Code    46  timer.o(i.rt_timer_init)
    rt_timer_start                           0x0800440d   Thumb Code   226  timer.o(i.rt_timer_start)
    rt_timer_stop                            0x080044f9   Thumb Code    48  timer.o(i.rt_timer_stop)
    rt_vsnprintf                             0x08004529   Thumb Code   824  kservice.o(i.rt_vsnprintf)
    rtthread_startup                         0x08004879   Thumb Code    42  components.o(i.rtthread_startup)
    thread_init                              0x08004955   Thumb Code    42  thread_m.o(i.thread_init)
    version                                  0x08004a8d   Thumb Code    10  cmd.o(i.version)
    __lowest_bit_bitmap                      0x08004a96   Data         256  kservice.o(.constdata)
    __fsym_list_mem_name                     0x08004bfc   Data           9  mem.o(.rodata.name)
    __fsym_list_mem_desc                     0x08004c05   Data          30  mem.o(.rodata.name)
    __fsym_hello_name                        0x08004c23   Data           6  cmd.o(.rodata.name)
    __fsym_hello_desc                        0x08004c29   Data          16  cmd.o(.rodata.name)
    __fsym_version_name                      0x08004c39   Data           8  cmd.o(.rodata.name)
    __fsym_version_desc                      0x08004c41   Data          35  cmd.o(.rodata.name)
    __fsym___cmd_version_name                0x08004c64   Data          14  cmd.o(.rodata.name)
    __fsym___cmd_version_desc                0x08004c72   Data          35  cmd.o(.rodata.name)
    __fsym_list_thread_name                  0x08004c95   Data          12  cmd.o(.rodata.name)
    __fsym_list_thread_desc                  0x08004ca1   Data          12  cmd.o(.rodata.name)
    __fsym___cmd_list_thread_name            0x08004cad   Data          18  cmd.o(.rodata.name)
    __fsym___cmd_list_thread_desc            0x08004cbf   Data          12  cmd.o(.rodata.name)
    __fsym_list_sem_name                     0x08004ccb   Data           9  cmd.o(.rodata.name)
    __fsym_list_sem_desc                     0x08004cd4   Data          25  cmd.o(.rodata.name)
    __fsym___cmd_list_sem_name               0x08004ced   Data          15  cmd.o(.rodata.name)
    __fsym___cmd_list_sem_desc               0x08004cfc   Data          25  cmd.o(.rodata.name)
    __fsym_list_mailbox_name                 0x08004d15   Data          13  cmd.o(.rodata.name)
    __fsym_list_mailbox_desc                 0x08004d22   Data          24  cmd.o(.rodata.name)
    __fsym___cmd_list_mailbox_name           0x08004d3a   Data          19  cmd.o(.rodata.name)
    __fsym___cmd_list_mailbox_desc           0x08004d4d   Data          24  cmd.o(.rodata.name)
    __fsym_list_timer_name                   0x08004d65   Data          11  cmd.o(.rodata.name)
    __fsym_list_timer_desc                   0x08004d70   Data          21  cmd.o(.rodata.name)
    __fsym___cmd_list_timer_name             0x08004d85   Data          17  cmd.o(.rodata.name)
    __fsym___cmd_list_timer_desc             0x08004d96   Data          21  cmd.o(.rodata.name)
    __fsym_list_name                         0x08004dab   Data           5  cmd.o(.rodata.name)
    __fsym_list_desc                         0x08004db0   Data          26  cmd.o(.rodata.name)
    __fsym___cmd_help_name                   0x08004dca   Data          11  msh.o(.rodata.name)
    __fsym___cmd_help_desc                   0x08004dd5   Data          22  msh.o(.rodata.name)
    __fsym___cmd_ps_name                     0x08004deb   Data           9  msh.o(.rodata.name)
    __fsym___cmd_ps_desc                     0x08004df4   Data          28  msh.o(.rodata.name)
    __fsym___cmd_free_name                   0x08004e10   Data          11  msh.o(.rodata.name)
    __fsym___cmd_free_desc                   0x08004e1b   Data          37  msh.o(.rodata.name)
    __rt_init_rti_start                      0x08004e40   Data           4  components.o(.rti_fn.0)
    __rt_init_rti_board_start                0x08004e44   Data           4  components.o(.rti_fn.0.end)
    __rt_init_uart_init                      0x08004e48   Data           4  board.o(.rti_fn.1)
    __rt_init_rti_board_end                  0x08004e4c   Data           4  components.o(.rti_fn.1.end)
    __rt_init_finsh_system_init              0x08004e50   Data           4  shell.o(.rti_fn.6)
    __rt_init_rti_end                        0x08004e54   Data           4  components.o(.rti_fn.6.end)
    FSymTab$$Base                            0x08004e58   Number         0  mem.o(FSymTab)
    __fsym_list_mem                          0x08004e58   Data          12  mem.o(FSymTab)
    __fsym_hello                             0x08004e64   Data          12  cmd.o(FSymTab)
    __fsym_version                           0x08004e70   Data          12  cmd.o(FSymTab)
    __fsym___cmd_version                     0x08004e7c   Data          12  cmd.o(FSymTab)
    __fsym_list_thread                       0x08004e88   Data          12  cmd.o(FSymTab)
    __fsym___cmd_list_thread                 0x08004e94   Data          12  cmd.o(FSymTab)
    __fsym_list_sem                          0x08004ea0   Data          12  cmd.o(FSymTab)
    __fsym___cmd_list_sem                    0x08004eac   Data          12  cmd.o(FSymTab)
    __fsym_list_mailbox                      0x08004eb8   Data          12  cmd.o(FSymTab)
    __fsym___cmd_list_mailbox                0x08004ec4   Data          12  cmd.o(FSymTab)
    __fsym_list_timer                        0x08004ed0   Data          12  cmd.o(FSymTab)
    __fsym___cmd_list_timer                  0x08004edc   Data          12  cmd.o(FSymTab)
    __fsym_list                              0x08004ee8   Data          12  cmd.o(FSymTab)
    __fsym___cmd_help                        0x08004ef4   Data          12  msh.o(FSymTab)
    __fsym___cmd_ps                          0x08004f00   Data          12  msh.o(FSymTab)
    __fsym___cmd_free                        0x08004f0c   Data          12  msh.o(FSymTab)
    FSymTab$$Limit                           0x08004f18   Number         0  msh.o(FSymTab)
    Region$$Table$$Base                      0x08004f18   Number         0  anon$$obj.o(Region$$Table)
    Region$$Table$$Limit                     0x08004f38   Number         0  anon$$obj.o(Region$$Table)
    __stdout                                 0x20000000   Data           4  debug_uart.o(.data)
    SystemCoreClock                          0x20000014   Data           4  system_stm32f4xx.o(.data)
    AHBPrescTable                            0x20000018   Data          16  system_stm32f4xx.o(.data)
    rt_interrupt_from_thread                 0x2000002c   Data           4  cpuport.o(.data)
    rt_interrupt_to_thread                   0x20000030   Data           4  cpuport.o(.data)
    rt_thread_switch_interrupt_flag          0x20000034   Data           4  cpuport.o(.data)
    rt_interrupt_nest                        0x2000003c   Data           1  irq.o(.data)
    rt_thread_ready_priority_group           0x20000098   Data           4  scheduler.o(.data)
    rt_current_thread                        0x200000a0   Data           4  scheduler.o(.data)
    rt_current_priority                      0x200000a4   Data           1  scheduler.o(.data)
    rt_thread_defunct                        0x200000a8   Data           8  scheduler.o(.data)
    _syscall_table_begin                     0x200000bc   Data           4  shell.o(.data)
    _syscall_table_end                       0x200000c0   Data           4  shell.o(.data)
    _sysvar_table_begin                      0x200000c4   Data           4  shell.o(.data)
    _sysvar_table_end                        0x200000c8   Data           4  shell.o(.data)
    shell                                    0x200000cc   Data           4  shell.o(.data)
    rt_thread_priority_table                 0x2000160c   Data         256  scheduler.o(.bss)
    __initial_sp                             0x20002810   Data           0  startup_stm32f427_437xx.o(STACK)



==============================================================================

Memory Map of the image

  Image Entry point : 0x080001ad

  Load Region LR_IROM1 (Base: 0x08000000, Size: 0x0000500c, Max: 0x00200000, ABSOLUTE)

    Execution Region ER_IROM1 (Exec base: 0x08000000, Load base: 0x08000000, Size: 0x00004f38, Max: 0x00200000, ABSOLUTE)

    Exec Addr    Load Addr    Size         Type   Attr      Idx    E Section Name        Object

    0x08000000   0x08000000   0x000001ac   Data   RO         6168    RESET               startup_stm32f427_437xx.o
    0x080001ac   0x080001ac   0x00000000   Code   RO         7571  * .ARM.Collect$$$$00000000  mc_w.l(entry.o)
    0x080001ac   0x080001ac   0x00000004   Code   RO         7895    .ARM.Collect$$$$00000001  mc_w.l(entry2.o)
    0x080001b0   0x080001b0   0x00000004   Code   RO         7898    .ARM.Collect$$$$00000004  mc_w.l(entry5.o)
    0x080001b4   0x080001b4   0x00000000   Code   RO         7900    .ARM.Collect$$$$00000008  mc_w.l(entry7b.o)
    0x080001b4   0x080001b4   0x00000000   Code   RO         7902    .ARM.Collect$$$$0000000A  mc_w.l(entry8b.o)
    0x080001b4   0x080001b4   0x00000008   Code   RO         7903    .ARM.Collect$$$$0000000B  mc_w.l(entry9a.o)
    0x080001bc   0x080001bc   0x00000004   Code   RO         7910    .ARM.Collect$$$$0000000E  mc_w.l(entry12b.o)
    0x080001c0   0x080001c0   0x00000000   Code   RO         7905    .ARM.Collect$$$$0000000F  mc_w.l(entry10a.o)
    0x080001c0   0x080001c0   0x00000000   Code   RO         7907    .ARM.Collect$$$$00000011  mc_w.l(entry11a.o)
    0x080001c0   0x080001c0   0x00000004   Code   RO         7896    .ARM.Collect$$$$00002712  mc_w.l(entry2.o)
    0x080001c4   0x080001c4   0x00000024   Code   RO         6169    .text               startup_stm32f427_437xx.o
    0x080001e8   0x080001e8   0x00000134   Code   RO         6344    .text               context_rvds.o
    0x0800031c   0x0800031c   0x00000024   Code   RO         7574    .text               mc_w.l(memcpya.o)
    0x08000340   0x08000340   0x00000024   Code   RO         7576    .text               mc_w.l(memseta.o)
    0x08000364   0x08000364   0x00000018   Code   RO         7578    .text               mc_w.l(strcat.o)
    0x0800037c   0x0800037c   0x00000018   Code   RO         7580    .text               mc_w.l(strncpy.o)
    0x08000394   0x08000394   0x0000000e   Code   RO         7582    .text               mc_w.l(strlen.o)
    0x080003a2   0x080003a2   0x00000012   Code   RO         7584    .text               mc_w.l(strcpy.o)
    0x080003b4   0x080003b4   0x0000001e   Code   RO         7586    .text               mc_w.l(strncmp.o)
    0x080003d2   0x080003d2   0x0000014e   Code   RO         7851    .text               mf_w.l(dadd.o)
    0x08000520   0x08000520   0x000000e4   Code   RO         7853    .text               mf_w.l(dmul.o)
    0x08000604   0x08000604   0x000000de   Code   RO         7855    .text               mf_w.l(ddiv.o)
    0x080006e2   0x080006e2   0x00000002   PAD
    0x080006e4   0x080006e4   0x00000030   Code   RO         7863    .text               mf_w.l(cdrcmple.o)
    0x08000714   0x08000714   0x0000002c   Code   RO         7911    .text               mc_w.l(uidiv.o)
    0x08000740   0x08000740   0x00000062   Code   RO         7913    .text               mc_w.l(uldiv.o)
    0x080007a2   0x080007a2   0x0000001e   Code   RO         7915    .text               mc_w.l(llshl.o)
    0x080007c0   0x080007c0   0x00000020   Code   RO         7917    .text               mc_w.l(llushr.o)
    0x080007e0   0x080007e0   0x00000024   Code   RO         7919    .text               mc_w.l(llsshr.o)
    0x08000804   0x08000804   0x00000000   Code   RO         7928    .text               mc_w.l(iusefp.o)
    0x08000804   0x08000804   0x000000ba   Code   RO         7931    .text               mf_w.l(depilogue.o)
    0x080008be   0x080008be   0x00000030   Code   RO         7935    .text               mf_w.l(dfixul.o)
    0x080008ee   0x080008ee   0x00000002   PAD
    0x080008f0   0x080008f0   0x00000024   Code   RO         7947    .text               mc_w.l(init.o)
    0x08000914   0x08000914   0x0000000a   Code   RO         6276    i.$Sub$$main        components.o
    0x0800091e   0x0800091e   0x00000004   Code   RO          256    i.BusFault_Handler  stm32f4xx_it.o
    0x08000922   0x08000922   0x00000002   Code   RO          257    i.DebugMon_Handler  stm32f4xx_it.o
    0x08000924   0x08000924   0x0000005c   Code   RO          435    i.GPIO_Configuration  bsp_gpio.o
    0x08000980   0x08000980   0x00000090   Code   RO         2989    i.GPIO_Init         stm32f4xx_gpio.o
    0x08000a10   0x08000a10   0x00000046   Code   RO         2990    i.GPIO_PinAFConfig  stm32f4xx_gpio.o
    0x08000a56   0x08000a56   0x00000002   PAD
    0x08000a58   0x08000a58   0x00000038   Code   RO          436    i.LED_OFF           bsp_gpio.o
    0x08000a90   0x08000a90   0x00000038   Code   RO          437    i.LED_ON            bsp_gpio.o
    0x08000ac8   0x08000ac8   0x00000004   Code   RO          258    i.MemManage_Handler  stm32f4xx_it.o
    0x08000acc   0x08000acc   0x00000002   Code   RO          259    i.NMI_Handler       stm32f4xx_it.o
    0x08000ace   0x08000ace   0x00000002   PAD
    0x08000ad0   0x08000ad0   0x00000020   Code   RO         3927    i.RCC_AHB1PeriphClockCmd  stm32f4xx_rcc.o
    0x08000af0   0x08000af0   0x00000020   Code   RO         3939    i.RCC_APB2PeriphClockCmd  stm32f4xx_rcc.o
    0x08000b10   0x08000b10   0x000000e8   Code   RO         3948    i.RCC_GetClocksFreq  stm32f4xx_rcc.o
    0x08000bf8   0x08000bf8   0x00000002   Code   RO          260    i.SVC_Handler       stm32f4xx_it.o
    0x08000bfa   0x08000bfa   0x00000002   PAD
    0x08000bfc   0x08000bfc   0x0000012c   Code   RO         6128    i.SetSysClock       system_stm32f4xx.o
    0x08000d28   0x08000d28   0x00000010   Code   RO         6176    i.SysTick_Handler   board.o
    0x08000d38   0x08000d38   0x000000c0   Code   RO         6129    i.SystemCoreClockUpdate  system_stm32f4xx.o
    0x08000df8   0x08000df8   0x00000068   Code   RO         6130    i.SystemInit        system_stm32f4xx.o
    0x08000e60   0x08000e60   0x00000012   Code   RO         5870    i.USART_ClearFlag   stm32f4xx_usart.o
    0x08000e72   0x08000e72   0x0000001e   Code   RO         5871    i.USART_ClearITPendingBit  stm32f4xx_usart.o
    0x08000e90   0x08000e90   0x00000018   Code   RO         5874    i.USART_Cmd         stm32f4xx_usart.o
    0x08000ea8   0x08000ea8   0x0000001a   Code   RO         5877    i.USART_GetFlagStatus  stm32f4xx_usart.o
    0x08000ec2   0x08000ec2   0x00000054   Code   RO         5878    i.USART_GetITStatus  stm32f4xx_usart.o
    0x08000f16   0x08000f16   0x0000004a   Code   RO         5880    i.USART_ITConfig    stm32f4xx_usart.o
    0x08000f60   0x08000f60   0x000000d4   Code   RO         5881    i.USART_Init        stm32f4xx_usart.o
    0x08001034   0x08001034   0x0000000a   Code   RO         5888    i.USART_ReceiveData  stm32f4xx_usart.o
    0x0800103e   0x0800103e   0x00000004   Code   RO          261    i.UsageFault_Handler  stm32f4xx_it.o
    0x08001042   0x08001042   0x00000002   PAD
    0x08001044   0x08001044   0x00000030   Code   RO         6177    i._SysTick_Config   board.o
    0x08001074   0x08001074   0x00000020   Code   RO         7823    i.__0printf         mc_w.l(printfa.o)
    0x08001094   0x08001094   0x0000004c   Code   RO         6618    i.__rt_ffs          kservice.o
    0x080010e0   0x080010e0   0x0000000e   Code   RO         7955    i.__scatterload_copy  mc_w.l(handlers.o)
    0x080010ee   0x080010ee   0x00000002   Code   RO         7956    i.__scatterload_null  mc_w.l(handlers.o)
    0x080010f0   0x080010f0   0x0000000e   Code   RO         7957    i.__scatterload_zeroinit  mc_w.l(handlers.o)
    0x080010fe   0x080010fe   0x00000002   PAD
    0x08001100   0x08001100   0x00000184   Code   RO         7830    i._fp_digits        mc_w.l(printfa.o)
    0x08001284   0x08001284   0x0000006a   Code   RO         7395    i._msh_exec_cmd     msh.o
    0x080012ee   0x080012ee   0x00000002   PAD
    0x080012f0   0x080012f0   0x000006b4   Code   RO         7831    i._printf_core      mc_w.l(printfa.o)
    0x080019a4   0x080019a4   0x00000024   Code   RO         7832    i._printf_post_padding  mc_w.l(printfa.o)
    0x080019c8   0x080019c8   0x0000002e   Code   RO         7833    i._printf_pre_padding  mc_w.l(printfa.o)
    0x080019f6   0x080019f6   0x00000002   PAD
    0x080019f8   0x080019f8   0x00000084   Code   RO         7037    i._rt_thread_init   thread.o
    0x08001a7c   0x08001a7c   0x00000042   Code   RO         7169    i._rt_timer_init    timer.o
    0x08001abe   0x08001abe   0x0000001c   Code   RO         7170    i._rt_timer_remove  timer.o
    0x08001ada   0x08001ada   0x00000020   Code   RO         7038    i._thread_cleanup_execute  thread.o
    0x08001afa   0x08001afa   0x00000002   PAD
    0x08001afc   0x08001afc   0x000000fc   Code   RO         6357    i.bus_fault_track   cpuport.o
    0x08001bf8   0x08001bf8   0x0000000e   Code   RO         7396    i.cmd_free          msh.o
    0x08001c06   0x08001c06   0x0000000e   Code   RO         7397    i.cmd_ps            msh.o
    0x08001c14   0x08001c14   0x0000009c   Code   RO          910    i.debug_usart_Init  debug_uart.o
    0x08001cb0   0x08001cb0   0x0000002c   Code   RO          911    i.debug_usart_Tx    debug_uart.o
    0x08001cdc   0x08001cdc   0x00000078   Code   RO         7468    i.finsh_get_prompt  shell.o
    0x08001d54   0x08001d54   0x00000008   Code   RO         7470    i.finsh_getchar     shell.o
    0x08001d5c   0x08001d5c   0x0000001c   Code   RO         7473    i.finsh_set_prompt_mode  shell.o
    0x08001d78   0x08001d78   0x00000014   Code   RO         7474    i.finsh_system_function_init  shell.o
    0x08001d8c   0x08001d8c   0x0000009c   Code   RO         7475    i.finsh_system_init  shell.o
    0x08001e28   0x08001e28   0x000003c8   Code   RO         7477    i.finsh_thread_entry  shell.o
    0x080021f0   0x080021f0   0x0000001c   Code   RO          912    i.fputc             debug_uart.o
    0x0800220c   0x0800220c   0x00000080   Code   RO         6358    i.hard_fault_track  cpuport.o
    0x0800228c   0x0800228c   0x00000020   Code   RO         7281    i.hello             cmd.o
    0x080022ac   0x080022ac   0x0000004c   Code   RO          224    i.led_thread_entry  thread_m.o
    0x080022f8   0x080022f8   0x00000068   Code   RO         7282    i.list              cmd.o
    0x08002360   0x08002360   0x0000002a   Code   RO         7283    i.list_find_init    cmd.o
    0x0800238a   0x0800238a   0x00000088   Code   RO         7284    i.list_get_next     cmd.o
    0x08002412   0x08002412   0x00000002   PAD
    0x08002414   0x08002414   0x0000015c   Code   RO         7285    i.list_mailbox      cmd.o
    0x08002570   0x08002570   0x00000078   Code   RO         6795    i.list_mem          mem.o
    0x080025e8   0x080025e8   0x00000138   Code   RO         7286    i.list_sem          cmd.o
    0x08002720   0x08002720   0x000001e4   Code   RO         7287    i.list_thread       cmd.o
    0x08002904   0x08002904   0x00000160   Code   RO         7288    i.list_timer        cmd.o
    0x08002a64   0x08002a64   0x00000038   Code   RO            4    i.main              main.o
    0x08002a9c   0x08002a9c   0x0000000e   Code   RO         6277    i.main_thread_entry  components.o
    0x08002aaa   0x08002aaa   0x00000002   PAD
    0x08002aac   0x08002aac   0x000000e8   Code   RO         6359    i.mem_manage_fault_track  cpuport.o
    0x08002b94   0x08002b94   0x000000a0   Code   RO         7398    i.msh_auto_complete  msh.o
    0x08002c34   0x08002c34   0x0000006c   Code   RO         7399    i.msh_exec          msh.o
    0x08002ca0   0x08002ca0   0x0000005c   Code   RO         7400    i.msh_get_cmd       msh.o
    0x08002cfc   0x08002cfc   0x00000080   Code   RO         7401    i.msh_help          msh.o
    0x08002d7c   0x08002d7c   0x00000004   Code   RO         7402    i.msh_is_used       msh.o
    0x08002d80   0x08002d80   0x000000f0   Code   RO         7403    i.msh_split         msh.o
    0x08002e70   0x08002e70   0x0000001c   Code   RO         7289    i.object_split      cmd.o
    0x08002e8c   0x08002e8c   0x00000078   Code   RO         6796    i.plug_holes        mem.o
    0x08002f04   0x08002f04   0x00000198   Code   RO         6620    i.print_number      kservice.o
    0x0800309c   0x0800309c   0x00000030   Code   RO         6278    i.rt_application_init  components.o
    0x080030cc   0x080030cc   0x00000022   Code   RO         6797    i.rt_calloc         mem.o
    0x080030ee   0x080030ee   0x00000002   PAD
    0x080030f0   0x080030f0   0x0000001c   Code   RO         6279    i.rt_components_board_init  components.o
    0x0800310c   0x0800310c   0x0000001c   Code   RO         6280    i.rt_components_init  components.o
    0x08003128   0x08003128   0x00000020   Code   RO         6965    i.rt_enter_critical  scheduler.o
    0x08003148   0x08003148   0x00000044   Code   RO         6966    i.rt_exit_critical  scheduler.o
    0x0800318c   0x0800318c   0x000000e0   Code   RO         6798    i.rt_free           mem.o
    0x0800326c   0x0800326c   0x00000008   Code   RO         6178    i.rt_heap_begin_get  board.o
    0x08003274   0x08003274   0x00000008   Code   RO         6179    i.rt_heap_end_get   board.o
    0x0800327c   0x0800327c   0x00000038   Code   RO         6180    i.rt_hw_board_init  board.o
    0x080032b4   0x080032b4   0x0000003c   Code   RO         7374    i.rt_hw_console_getchar  finsh_port.o
    0x080032f0   0x080032f0   0x00000036   Code   RO         6181    i.rt_hw_console_output  board.o
    0x08003326   0x08003326   0x00000002   PAD
    0x08003328   0x08003328   0x0000022c   Code   RO         6363    i.rt_hw_hard_fault_exception  cpuport.o
    0x08003554   0x08003554   0x00000050   Code   RO         6364    i.rt_hw_stack_init  cpuport.o
    0x080035a4   0x080035a4   0x00000020   Code   RO         6591    i.rt_interrupt_enter  irq.o
    0x080035c4   0x080035c4   0x00000020   Code   RO         6593    i.rt_interrupt_leave  irq.o
    0x080035e4   0x080035e4   0x00000014   Code   RO         6451    i.rt_ipc_list_resume  ipc.o
    0x080035f8   0x080035f8   0x0000006e   Code   RO         6453    i.rt_ipc_list_suspend  ipc.o
    0x08003666   0x08003666   0x00000010   Code   RO         6454    i.rt_ipc_object_init  ipc.o
    0x08003676   0x08003676   0x00000002   PAD
    0x08003678   0x08003678   0x00000030   Code   RO         6624    i.rt_kprintf        kservice.o
    0x080036a8   0x080036a8   0x00000006   Code   RO         6455    i.rt_list_init      ipc.o
    0x080036ae   0x080036ae   0x00000006   Code   RO         6967    i.rt_list_init      scheduler.o
    0x080036b4   0x080036b4   0x00000006   Code   RO         7171    i.rt_list_init      timer.o
    0x080036ba   0x080036ba   0x0000000e   Code   RO         6877    i.rt_list_insert_after  object.o
    0x080036c8   0x080036c8   0x0000000e   Code   RO         7039    i.rt_list_insert_after  thread.o
    0x080036d6   0x080036d6   0x0000000e   Code   RO         7172    i.rt_list_insert_after  timer.o
    0x080036e4   0x080036e4   0x0000000e   Code   RO         6456    i.rt_list_insert_before  ipc.o
    0x080036f2   0x080036f2   0x00000010   Code   RO         6457    i.rt_list_isempty   ipc.o
    0x08003702   0x08003702   0x00000010   Code   RO         7173    i.rt_list_isempty   timer.o
    0x08003712   0x08003712   0x00000010   Code   RO         7290    i.rt_list_isempty   cmd.o
    0x08003722   0x08003722   0x00000014   Code   RO         7291    i.rt_list_len       cmd.o
    0x08003736   0x08003736   0x00000012   Code   RO         6878    i.rt_list_remove    object.o
    0x08003748   0x08003748   0x00000012   Code   RO         7040    i.rt_list_remove    thread.o
    0x0800375a   0x0800375a   0x00000012   Code   RO         7174    i.rt_list_remove    timer.o
    0x0800376c   0x0800376c   0x0000016c   Code   RO         6799    i.rt_malloc         mem.o
    0x080038d8   0x080038d8   0x00000042   Code   RO         6629    i.rt_memmove        kservice.o
    0x0800391a   0x0800391a   0x00000048   Code   RO         6630    i.rt_memset         kservice.o
    0x08003962   0x08003962   0x00000054   Code   RO         6879    i.rt_object_allocate  object.o
    0x080039b6   0x080039b6   0x00000024   Code   RO         6880    i.rt_object_delete  object.o
    0x080039da   0x080039da   0x0000001e   Code   RO         6881    i.rt_object_detach  object.o
    0x080039f8   0x080039f8   0x00000028   Code   RO         6883    i.rt_object_get_information  object.o
    0x08003a20   0x08003a20   0x00000056   Code   RO         6887    i.rt_object_init    object.o
    0x08003a76   0x08003a76   0x00000012   Code   RO         6888    i.rt_object_is_systemobject  object.o
    0x08003a88   0x08003a88   0x00000084   Code   RO         6968    i.rt_schedule       scheduler.o
    0x08003b0c   0x08003b0c   0x00000050   Code   RO         6969    i.rt_schedule_insert_thread  scheduler.o
    0x08003b5c   0x08003b5c   0x00000054   Code   RO         6970    i.rt_schedule_remove_thread  scheduler.o
    0x08003bb0   0x08003bb0   0x00000026   Code   RO         6470    i.rt_sem_init       ipc.o
    0x08003bd6   0x08003bd6   0x00000052   Code   RO         6471    i.rt_sem_release    ipc.o
    0x08003c28   0x08003c28   0x00000074   Code   RO         6472    i.rt_sem_take       ipc.o
    0x08003c9c   0x08003c9c   0x000000b0   Code   RO         6632    i.rt_show_version   kservice.o
    0x08003d4c   0x08003d4c   0x00000012   Code   RO         6638    i.rt_strlen         kservice.o
    0x08003d5e   0x08003d5e   0x00000034   Code   RO         6640    i.rt_strncpy        kservice.o
    0x08003d92   0x08003d92   0x00000002   PAD
    0x08003d94   0x08003d94   0x000000f8   Code   RO         6802    i.rt_system_heap_init  mem.o
    0x08003e8c   0x08003e8c   0x0000004c   Code   RO         6971    i.rt_system_scheduler_init  scheduler.o
    0x08003ed8   0x08003ed8   0x00000030   Code   RO         6972    i.rt_system_scheduler_start  scheduler.o
    0x08003f08   0x08003f08   0x0000001c   Code   RO         7175    i.rt_system_timer_init  timer.o
    0x08003f24   0x08003f24   0x00000002   Code   RO         7176    i.rt_system_timer_thread_init  timer.o
    0x08003f26   0x08003f26   0x00000050   Code   RO         7042    i.rt_thread_create  thread.o
    0x08003f76   0x08003f76   0x00000002   PAD
    0x08003f78   0x08003f78   0x00000058   Code   RO         7047    i.rt_thread_exit    thread.o
    0x08003fd0   0x08003fd0   0x00000008   Code   RO         6416    i.rt_thread_idle_entry  idle.o
    0x08003fd8   0x08003fd8   0x00000060   Code   RO         6417    i.rt_thread_idle_excute  idle.o
    0x08004038   0x08004038   0x0000003c   Code   RO         6419    i.rt_thread_idle_init  idle.o
    0x08004074   0x08004074   0x00000034   Code   RO         7049    i.rt_thread_init    thread.o
    0x080040a8   0x080040a8   0x00000014   Code   RO         7050    i.rt_thread_mdelay  thread.o
    0x080040bc   0x080040bc   0x0000003c   Code   RO         7051    i.rt_thread_resume  thread.o
    0x080040f8   0x080040f8   0x0000000c   Code   RO         7052    i.rt_thread_self    thread.o
    0x08004104   0x08004104   0x00000044   Code   RO         7053    i.rt_thread_sleep   thread.o
    0x08004148   0x08004148   0x0000002c   Code   RO         7054    i.rt_thread_startup  thread.o
    0x08004174   0x08004174   0x00000044   Code   RO         7055    i.rt_thread_suspend  thread.o
    0x080041b8   0x080041b8   0x00000020   Code   RO         7056    i.rt_thread_timeout  thread.o
    0x080041d8   0x080041d8   0x00000064   Code   RO         7057    i.rt_thread_yield   thread.o
    0x0800423c   0x0800423c   0x00000038   Code   RO         6239    i.rt_tick_from_millisecond  clock.o
    0x08004274   0x08004274   0x0000000c   Code   RO         6240    i.rt_tick_get       clock.o
    0x08004280   0x08004280   0x00000030   Code   RO         6241    i.rt_tick_increase  clock.o
    0x080042b0   0x080042b0   0x000000a4   Code   RO         7177    i.rt_timer_check    timer.o
    0x08004354   0x08004354   0x00000062   Code   RO         7178    i.rt_timer_control  timer.o
    0x080043b6   0x080043b6   0x00000028   Code   RO         7181    i.rt_timer_detach   timer.o
    0x080043de   0x080043de   0x0000002e   Code   RO         7182    i.rt_timer_init     timer.o
    0x0800440c   0x0800440c   0x000000ec   Code   RO         7185    i.rt_timer_start    timer.o
    0x080044f8   0x080044f8   0x00000030   Code   RO         7186    i.rt_timer_stop     timer.o
    0x08004528   0x08004528   0x00000340   Code   RO         6643    i.rt_vsnprintf      kservice.o
    0x08004868   0x08004868   0x00000004   Code   RO         6281    i.rti_board_end     components.o
    0x0800486c   0x0800486c   0x00000004   Code   RO         6282    i.rti_board_start   components.o
    0x08004870   0x08004870   0x00000004   Code   RO         6283    i.rti_end           components.o
    0x08004874   0x08004874   0x00000004   Code   RO         6284    i.rti_start         components.o
    0x08004878   0x08004878   0x0000002a   Code   RO         6285    i.rtthread_startup  components.o
    0x080048a2   0x080048a2   0x00000002   PAD
    0x080048a4   0x080048a4   0x00000038   Code   RO         7478    i.shell_auto_complete  shell.o
    0x080048dc   0x080048dc   0x00000030   Code   RO         7292    i.show_wait_queue   cmd.o
    0x0800490c   0x0800490c   0x00000026   Code   RO         6645    i.skip_atoi         kservice.o
    0x08004932   0x08004932   0x00000020   Code   RO         7404    i.str_common        msh.o
    0x08004952   0x08004952   0x00000002   PAD
    0x08004954   0x08004954   0x00000044   Code   RO          225    i.thread_init       thread_m.o
    0x08004998   0x08004998   0x0000000a   Code   RO         6182    i.uart_init         board.o
    0x080049a2   0x080049a2   0x00000002   PAD
    0x080049a4   0x080049a4   0x000000e8   Code   RO         6365    i.usage_fault_track  cpuport.o
    0x08004a8c   0x08004a8c   0x0000000a   Code   RO         7293    i.version           cmd.o
    0x08004a96   0x08004a96   0x00000122   Data   RO         6647    .constdata          kservice.o
    0x08004bb8   0x08004bb8   0x00000044   Data   RO         7294    .conststring        cmd.o
    0x08004bfc   0x08004bfc   0x00000027   Data   RO         6805    .rodata.name        mem.o
    0x08004c23   0x08004c23   0x000001a7   Data   RO         7295    .rodata.name        cmd.o
    0x08004dca   0x08004dca   0x00000076   Data   RO         7405    .rodata.name        msh.o
    0x08004e40   0x08004e40   0x00000004   Data   RO         6286    .rti_fn.0           components.o
    0x08004e44   0x08004e44   0x00000004   Data   RO         6287    .rti_fn.0.end       components.o
    0x08004e48   0x08004e48   0x00000004   Data   RO         6184    .rti_fn.1           board.o
    0x08004e4c   0x08004e4c   0x00000004   Data   RO         6288    .rti_fn.1.end       components.o
    0x08004e50   0x08004e50   0x00000004   Data   RO         7481    .rti_fn.6           shell.o
    0x08004e54   0x08004e54   0x00000004   Data   RO         6289    .rti_fn.6.end       components.o
    0x08004e58   0x08004e58   0x0000000c   Data   RO         6806    FSymTab             mem.o
    0x08004e64   0x08004e64   0x00000090   Data   RO         7296    FSymTab             cmd.o
    0x08004ef4   0x08004ef4   0x00000024   Data   RO         7406    FSymTab             msh.o
    0x08004f18   0x08004f18   0x00000020   Data   RO         7953    Region$$Table       anon$$obj.o


    Execution Region RW_IRAM1 (Exec base: 0x20000000, Load base: 0x08004f38, Size: 0x00002810, Max: 0x00030000, ABSOLUTE)

    Exec Addr    Load Addr    Size         Type   Attr      Idx    E Section Name        Object

    0x20000000   0x08004f38   0x00000004   Data   RW          914    .data               debug_uart.o
    0x20000004   0x08004f3c   0x00000010   Data   RW         3980    .data               stm32f4xx_rcc.o
    0x20000014   0x08004f4c   0x00000014   Data   RW         6131    .data               system_stm32f4xx.o
    0x20000028   0x08004f60   0x00000004   Data   RW         6243    .data               clock.o
    0x2000002c   0x08004f64   0x00000010   Data   RW         6366    .data               cpuport.o
    0x2000003c   0x08004f74   0x00000001   Data   RW         6594    .data               irq.o
    0x2000003d   0x08004f75   0x00000003   PAD
    0x20000040   0x08004f78   0x00000018   Data   RW         6804    .data               mem.o
    0x20000058   0x08004f90   0x00000040   Data   RW         6890    .data               object.o
    0x20000098   0x08004fd0   0x00000018   Data   RW         6974    .data               scheduler.o
    0x200000b0   0x08004fe8   0x0000000c   Data   RW         7187    .data               timer.o
    0x200000bc   0x08004ff4   0x00000018   Data   RW         7480    .data               shell.o
    0x200000d4        -       0x00000288   Zero   RW          226    .bss                thread_m.o
    0x2000035c        -       0x00001000   Zero   RW         6183    .bss                board.o
    0x2000135c        -       0x00000188   Zero   RW         6420    .bss                idle.o
    0x200014e4        -       0x00000100   Zero   RW         6646    .bss                kservice.o
    0x200015e4        -       0x00000028   Zero   RW         6803    .bss                mem.o
    0x2000160c        -       0x00000100   Zero   RW         6973    .bss                scheduler.o
    0x2000170c        -       0x00000101   Zero   RW         7479    .bss                shell.o
    0x2000180d   0x0800500c   0x00000003   PAD
    0x20001810        -       0x00001000   Zero   RW         6166    STACK               startup_stm32f427_437xx.o


==============================================================================

Image component sizes


      Code (inc. data)   RO Data    RW Data    ZI Data      Debug   Object Name

         0          0          0          0          0     244220   adt7301.o
       200         16          4          0       4096       4400   board.o
       204         18          0          0          0       1552   bsp_gpio.o
       116         12          0          4          0       1676   clock.o
      1932        656        635          0          0      14673   cmd.o
       186         30         16          0          0       5584   components.o
       308         26          0          0          0        764   context_rvds.o
      1480        738          0         16          0       5910   cpuport.o
       228         20          0          4          0       3480   debug_uart.o
        60          4          0          0          0        572   finsh_port.o
       164         26          0          0        392       4882   idle.o
       418          0          0          0          0       8089   ipc.o
        64         12          0          1          0       1446   irq.o
      1786        164        290          0        256       9277   kservice.o
        56         18          0          0          0      40845   main.o
      1110        310         51         24         40       5035   mem.o
       898        162        154          0          0       8212   msh.o
       326          4          0         64          0       7984   object.o
       526         90          0         24        256       8154   scheduler.o
      1356        154          4         24        257      10520   shell.o
        36          8        428          0       4096        844   startup_stm32f427_437xx.o
       214          0          0          0          0       1679   stm32f4xx_gpio.o
        18          0          0          0          0       2635   stm32f4xx_it.o
       296         30          0         16          0       3930   stm32f4xx_rcc.o
       478          8          0          0          0       5900   stm32f4xx_usart.o
       596         56          0         20          0       2397   system_stm32f4xx.o
       820         38          0          0          0      12092   thread.o
       144         26          0          0        648       1585   thread_m.o
       810         24          0         12          0      11252   timer.o

    ----------------------------------------------------------------------
     14862       2650       1614        212      10044     429589   Object Totals
         0          0         32          0          0          0   (incl. Generated)
        32          0          0          3          3          0   (incl. Padding)

    ----------------------------------------------------------------------

      Code (inc. data)   RO Data    RW Data    ZI Data      Debug   Library Member Name

         0          0          0          0          0          0   entry.o
         0          0          0          0          0          0   entry10a.o
         0          0          0          0          0          0   entry11a.o
         4          0          0          0          0          0   entry12b.o
         8          4          0          0          0          0   entry2.o
         4          0          0          0          0          0   entry5.o
         0          0          0          0          0          0   entry7b.o
         0          0          0          0          0          0   entry8b.o
         8          4          0          0          0          0   entry9a.o
        30          0          0          0          0          0   handlers.o
        36          8          0          0          0         68   init.o
         0          0          0          0          0          0   iusefp.o
        30          0          0          0          0         68   llshl.o
        36          0          0          0          0         68   llsshr.o
        32          0          0          0          0         68   llushr.o
        36          0          0          0          0         68   memcpya.o
        36          0          0          0          0        108   memseta.o
      2218         90          0          0          0        464   printfa.o
        24          0          0          0          0         68   strcat.o
        18          0          0          0          0         68   strcpy.o
        14          0          0          0          0         68   strlen.o
        30          0          0          0          0         80   strncmp.o
        24          0          0          0          0         76   strncpy.o
        44          0          0          0          0         80   uidiv.o
        98          0          0          0          0         92   uldiv.o
        48          0          0          0          0         68   cdrcmple.o
       334          0          0          0          0        148   dadd.o
       222          0          0          0          0        100   ddiv.o
       186          0          0          0          0        176   depilogue.o
        48          0          0          0          0         68   dfixul.o
       228          0          0          0          0         96   dmul.o

    ----------------------------------------------------------------------
      3804        106          0          0          0       2100   Library Totals
         8          0          0          0          0          0   (incl. Padding)

    ----------------------------------------------------------------------

      Code (inc. data)   RO Data    RW Data    ZI Data      Debug   Library Name

      2730        106          0          0          0       1444   mc_w.l
      1066          0          0          0          0        656   mf_w.l

    ----------------------------------------------------------------------
      3804        106          0          0          0       2100   Library Totals

    ----------------------------------------------------------------------

==============================================================================


      Code (inc. data)   RO Data    RW Data    ZI Data      Debug   

     18666       2756       1614        212      10044     415001   Grand Totals
     18666       2756       1614        212      10044     415001   ELF Image Totals
     18666       2756       1614        212          0          0   ROM Totals

==============================================================================

    Total RO  Size (Code + RO Data)                20280 (  19.80kB)
    Total RW  Size (RW Data + ZI Data)             10256 (  10.02kB)
    Total ROM Size (Code + RO Data + RW Data)      20492 (  20.01kB)

==============================================================================

